[dash] I: encoder: /home/deepak7121/REMOTEAPPS/thin-client/4K/swiftrade_av_21min.mp4 (1280x720 @60 fps) -> DASH live
[dash] I: manifest live.mpd: availabilityStartTime=yes frameRate=yes SegmentTemplate=yes SegmentTimeline=yes
[dash] I: serving MPD at http://0.0.0.0:8080/live.mpd (/tmp/vmc_dash_out/7153)
[dash] D: GET /live.mpd
[dash] I: stats: req=1 mpd=1 seg=0 404=0 full=1 prog=0 hold=0 (0 ms avg) restart=0
[dash] D: GET /live.mpd
[dash] D: GET /live.mpd
[dash] D: GET /live.mpd
[dash] D: GET /live.mpd
[dash] D: GET /init-stream0.m4s
[dash] D: GET /init-stream1.m4s
[dash] D: GET /live.mpd
[dash] D: GET /chunk-stream1-00001.m4s
[dash] D: GET /chunk-stream0-00001.m4s
[dash] D: GET /live.mpd
[dash] D: GET /chunk-stream1-00002.m4s
[dash] D: GET /chunk-stream0-00002.m4s
[dash] D: GET /live.mpd
[dash] D: GET /chunk-stream1-00003.m4s
[dash] D: GET /chunk-stream0-00003.m4s
[dash] D: GET /live.mpd
[dash] I: stats: req=17 mpd=9 seg=8 404=0 full=17 prog=0 hold=0 (0 ms avg) restart=0
[dash] D: GET /chunk-stream1-00004.m4s
[dash] D: GET /chunk-stream0-00004.m4s
[dash] D: GET /live.mpd
[dash] D: GET /chunk-stream1-00005.m4s
[dash] D: GET /chunk-stream0-00005.m4s
[dash] D: GET /live.mpd
[dash] D: GET /chunk-stream1-00006.m4s
[dash] D: GET /chunk-stream0-00006.m4s
[dash] D: GET /live.mpd
[dash] D: GET /chunk-stream1-00007.m4s
[dash] D: GET /chunk-stream0-00007.m4s
[mp4 @ 0x586660bdedc0] Application provided duration: -1 / timestamp: 449535 is out of range for mov/mp4 format
[dash] D: GET /live.mpd
[dash] D: GET /chunk-stream1-00008.m4s
[dash] D: GET /chunk-stream0-00008.m4s
[dash] I: stats: req=31 mpd=13 seg=18 404=0 full=31 prog=0 hold=0 (0 ms avg) restart=0
[dash] D: GET /live.mpd
[dash] D: GET /chunk-stream1-00009.m4s
[dash] D: GET /chunk-stream0-00009.m4s
[dash] D: GET /live.mpd
[dash] D: GET /chunk-stream1-00010.m4s
[dash] D: GET /chunk-stream0-00010.m4s
[dash] D: GET /live.mpd
[dash] D: GET /chunk-stream1-00011.m4s
[dash] D: GET /chunk-stream0-00011.m4s
[dash] D: GET /live.mpd
[dash] D: GET /chunk-stream1-00012.m4s
[dash] D: GET /chunk-stream0-00012.m4s
[mp4 @ 0x586660bdedc0] Application provided duration: -1 / timestamp: 719871 is out of range for mov/mp4 format
[dash] I: stats: req=43 mpd=17 seg=26 404=0 full=43 prog=0 hold=0 (0 ms avg) restart=0
[dash] D: GET /live.mpd
[dash] D: GET /chunk-stream1-00013.m4s
[dash] D: GET /chunk-stream0-00013.m4s
[mp4 @ 0x586660bdedc0] Application provided duration: -1 / timestamp: 764927 is out of range for mov/mp4 format
[dash] D: GET /live.mpd
[dash] D: GET /chunk-stream1-00014.m4s
[dash] D: GET /chunk-stream0-00014.m4s
[dash] D: GET /live.mpd
[dash] D: GET /chunk-stream1-00015.m4s
[dash] D: GET /chunk-stream0-00015.m4s
[dash] D: GET /live.mpd
[dash] D: GET /chunk-stream1-00016.m4s
[dash] D: GET /chunk-stream0-00016.m4s
[dash] D: GET /live.mpd
[dash] D: GET /chunk-stream1-00017.m4s
[dash] D: GET /chunk-stream0-00017.m4s
[dash] I: stats: req=58 mpd=22 seg=36 404=0 full=58 prog=0 hold=0 (0 ms avg) restart=0
[dash] D: GET /live.mpd
[dash] D: GET /chunk-stream1-00018.m4s
[dash] D: GET /chunk-stream0-00018.m4s
[dash] D: GET /live.mpd
[dash] D: GET /chunk-stream1-00019.m4s
[dash] D: GET /chunk-stream0-00019.m4s
[dash] D: GET /live.mpd
[dash] D: GET /chunk-stream1-00020.m4s
[dash] D: GET /chunk-stream0-00020.m4s
[dash] D: GET /live.mpd
[dash] D: GET /chunk-stream1-00021.m4s
[dash] D: GET /chunk-stream0-00021.m4s
[dash] I: stats: req=70 mpd=26 seg=44 404=0 full=70 prog=0 hold=0 (0 ms avg) restart=0
[dash] D: GET /live.mpd
[dash] D: GET /chunk-stream1-00022.m4s
[dash] D: GET /chunk-stream0-00022.m4s
[dash] D: GET /live.mpd
[dash] D: GET /chunk-stream1-00023.m4s
[dash] D: GET /chunk-stream0-00023.m4s
[dash] D: GET /live.mpd
[dash] D: GET /chunk-stream1-00024.m4s
[dash] D: GET /chunk-stream0-00024.m4s
[dash] D: GET /live.mpd
[dash] D: GET /chunk-stream1-00025.m4s
[dash] D: GET /chunk-stream0-00025.m4s
[dash] I: stats: req=82 mpd=30 seg=52 404=0 full=82 prog=0 hold=0 (0 ms avg) restart=0
[dash] D: GET /live.mpd
[dash] D: GET /chunk-stream1-00026.m4s
[dash] D: GET /chunk-stream0-00026.m4s
[dash] D: GET /live.mpd
[dash] D: GET /chunk-stream1-00027.m4s
[dash] D: GET /chunk-stream0-00027.m4s
[dash] D: GET /live.mpd
[dash] D: GET /chunk-stream1-00028.m4s
[dash] D: GET /chunk-stream0-00028.m4s
[dash] D: GET /live.mpd
[dash] D: GET /chunk-stream1-00029.m4s
[dash] D: GET /chunk-stream0-00029.m4s
[dash] D: GET /live.mpd
[dash] D: GET /chunk-stream1-00030.m4s
[dash] D: GET /chunk-stream0-00030.m4s
[dash] I: stats: req=97 mpd=35 seg=62 404=0 full=97 prog=0 hold=0 (0 ms avg) restart=0
[dash] D: GET /live.mpd
[dash] D: GET /chunk-stream1-00031.m4s
[dash] D: GET /chunk-stream0-00031.m4s
[dash] D: GET /live.mpd
[dash] D: GET /chunk-stream1-00032.m4s
[dash] D: GET /chunk-stream0-00032.m4s
[dash] D: GET /live.mpd
[dash] D: GET /chunk-stream1-00033.m4s
[dash] D: GET /chunk-stream0-00033.m4s
[dash] D: GET /live.mpd
[dash] D: GET /chunk-stream1-00034.m4s
[dash] D: GET /chunk-stream0-00034.m4s
[dash] I: stats: req=109 mpd=39 seg=70 404=0 full=109 prog=0 hold=0 (0 ms avg) restart=0
[dash] D: GET /live.mpd
[dash] D: GET /chunk-stream1-00035.m4s
[dash] D: GET /chunk-stream0-00035.m4s
[dash] D: GET /live.mpd
[dash] D: GET /chunk-stream1-00036.m4s
[dash] D: GET /chunk-stream0-00036.m4s
[dash] D: GET /live.mpd
[dash] D: GET /chunk-stream1-00037.m4s
[dash] D: GET /chunk-stream0-00037.m4s
[mp4 @ 0x586660bdedc0] Application provided duration: -1 / timestamp: 2071551 is out of range for mov/mp4 format
[dash] D: GET /live.mpd
[dash] D: GET /chunk-stream1-00038.m4s
[dash] D: GET /chunk-stream0-00038.m4s
[dash] D: GET /live.mpd
[dash] D: GET /chunk-stream1-00039.m4s
[dash] D: GET /chunk-stream0-00039.m4s
[dash] I: stats: req=124 mpd=44 seg=80 404=0 full=124 prog=0 hold=0 (0 ms avg) restart=0
[dash] D: GET /live.mpd
[dash] D: GET /chunk-stream1-00040.m4s
[dash] D: GET /chunk-stream0-00040.m4s
[dash] D: GET /live.mpd
[dash] D: GET /chunk-stream1-00041.m4s
[dash] D: GET /chunk-stream0-00041.m4s
[dash] D: GET /live.mpd
[dash] D: GET /chunk-stream1-00042.m4s
[dash] D: GET /chunk-stream0-00042.m4s
[dash] D: GET /live.mpd
[dash] D: GET /chunk-stream1-00043.m4s
[dash] D: GET /chunk-stream0-00043.m4s
[dash] I: stats: req=136 mpd=48 seg=88 404=0 full=136 prog=0 hold=0 (0 ms avg) restart=0
[dash] D: GET /live.mpd
[dash] D: GET /chunk-stream1-00044.m4s
[dash] D: GET /chunk-stream0-00044.m4s
[dash] D: GET /live.mpd
[dash] D: GET /chunk-stream1-00045.m4s
[dash] D: GET /chunk-stream0-00045.m4s
[dash] D: GET /live.mpd
[dash] D: GET /chunk-stream1-00046.m4s
[dash] D: GET /chunk-stream0-00046.m4s
[dash] D: GET /live.mpd
[dash] D: GET /chunk-stream1-00047.m4s
[dash] D: GET /chunk-stream0-00047.m4s
[dash] D: GET /live.mpd
[dash] D: GET /chunk-stream1-00048.m4s
[dash] I: stats: req=150 mpd=53 seg=97 404=0 full=150 prog=0 hold=0 (0 ms avg) restart=0
[dash] D: GET /chunk-stream0-00048.m4s
[dash] D: GET /live.mpd
[dash] D: GET /chunk-stream1-00049.m4s
[dash] D: GET /chunk-stream0-00049.m4s
[dash] D: GET /live.mpd
[dash] D: GET /chunk-stream1-00050.m4s
[dash] D: GET /chunk-stream0-00050.m4s
[dash] D: GET /live.mpd
[dash] D: GET /chunk-stream1-00051.m4s
[dash] D: GET /chunk-stream0-00051.m4s
[dash] D: GET /live.mpd
[dash] D: GET /chunk-stream1-00052.m4s
[dash] D: GET /chunk-stream0-00052.m4s
[dash] I: stats: req=163 mpd=57 seg=106 404=0 full=163 prog=0 hold=0 (0 ms avg) restart=0
[dash] D: GET /live.mpd
[dash] D: GET /chunk-stream1-00053.m4s
[dash] D: GET /chunk-stream0-00053.m4s
[dash] D: GET /live.mpd
[dash] D: GET /chunk-stream1-00054.m4s
[dash] D: GET /chunk-stream0-00054.m4s
[dash] D: GET /live.mpd
[dash] D: GET /chunk-stream1-00055.m4s
[dash] D: GET /chunk-stream0-00055.m4s
[dash] D: GET /live.mpd
[dash] D: GET /chunk-stream1-00056.m4s
[dash] D: GET /chunk-stream0-00056.m4s
[dash] I: stats: req=175 mpd=61 seg=114 404=0 full=175 prog=0 hold=0 (0 ms avg) restart=0
[dash] D: GET /live.mpd
[dash] D: GET /chunk-stream1-00057.m4s
[dash] D: GET /chunk-stream0-00057.m4s
[dash] D: GET /live.mpd
[dash] D: GET /chunk-stream1-00058.m4s
[dash] D: GET /chunk-stream0-00058.m4s
[dash] D: GET /live.mpd
[dash] D: GET /chunk-stream1-00059.m4s
[dash] D: GET /chunk-stream0-00059.m4s
[dash] D: GET /live.mpd
[dash] D: GET /chunk-stream1-00060.m4s
[dash] D: GET /chunk-stream0-00060.m4s
[dash] D: GET /live.mpd
[dash] D: GET /chunk-stream1-00061.m4s
[dash] D: GET /chunk-stream0-00061.m4s
[dash] I: stats: req=190 mpd=66 seg=124 404=0 full=190 prog=0 hold=0 (0 ms avg) restart=0
[dash] D: GET /live.mpd
[dash] D: GET /chunk-stream1-00062.m4s
[dash] D: GET /chunk-stream0-00062.m4s
[dash] D: GET /live.mpd
[dash] D: GET /chunk-stream1-00063.m4s
[dash] D: GET /chunk-stream0-00063.m4s
[dash] D: GET /live.mpd
[dash] D: GET /chunk-stream1-00064.m4s
[dash] D: GET /chunk-stream0-00064.m4s
[dash] D: GET /live.mpd
[dash] D: GET /chunk-stream1-00065.m4s
[dash] D: GET /chunk-stream0-00065.m4s
[dash] I: stats: req=202 mpd=70 seg=132 404=0 full=202 prog=0 hold=0 (0 ms avg) restart=0
[dash] D: GET /live.mpd
[dash] D: GET /chunk-stream1-00066.m4s
[dash] D: GET /chunk-stream0-00066.m4s
[dash] D: GET /live.mpd
[dash] D: GET /chunk-stream1-00067.m4s
[dash] D: GET /chunk-stream0-00067.m4s
[dash] D: GET /live.mpd
[dash] D: GET /chunk-stream1-00068.m4s
[dash] D: GET /chunk-stream0-00068.m4s
[dash] D: GET /live.mpd
[dash] D: GET /live.mpd
[dash] D: GET /chunk-stream1-00069.m4s
[dash] D: GET /chunk-stream0-00069.m4s
[dash] D: GET /live.mpd
[dash] D: GET /chunk-stream1-00070.m4s
[dash] D: GET /chunk-stream0-00070.m4s
[dash] D: GET /live.mpd
[dash] I: stats: req=219 mpd=77 seg=142 404=0 full=219 prog=0 hold=0 (0 ms avg) restart=0
[dash] D: GET /live.mpd
[dash] D: GET /chunk-stream1-00071.m4s
[dash] D: GET /chunk-stream0-00071.m4s
[dash] D: GET /live.mpd
[dash] D: GET /chunk-stream1-00072.m4s
[dash] D: GET /chunk-stream0-00072.m4s
[mp4 @ 0x586660bdedc0] Application provided duration: -1 / timestamp: 3918847 is out of range for mov/mp4 format
[dash] D: GET /live.mpd
[dash] D: GET /chunk-stream1-00073.m4s
[dash] D: GET /chunk-stream0-00073.m4s
[mp4 @ 0x586660bdedc0] Application provided duration: -1 / timestamp: 3963903 is out of range for mov/mp4 format
[dash] D: GET /live.mpd
[dash] D: GET /chunk-stream1-00074.m4s
[dash] D: GET /chunk-stream0-00074.m4s
[mp4 @ 0x586660bdedc0] Application provided duration: -1 / timestamp: 4008959 is out of range for mov/mp4 format
[dash] D: GET /live.mpd
[dash] I: stats: req=232 mpd=82 seg=150 404=0 full=232 prog=0 hold=0 (0 ms avg) restart=0
[dash] D: GET /live.mpd
[dash] D: GET /chunk-stream1-00075.m4s
[dash] D: GET /chunk-stream0-00075.m4s
[mp4 @ 0x586660bdedc0] Application provided duration: -1 / timestamp: 4054015 is out of range for mov/mp4 format
[dash] D: GET /live.mpd
[dash] D: GET /chunk-stream1-00076.m4s
[dash] D: GET /chunk-stream0-00076.m4s
[dash] D: GET /live.mpd
[dash] D: GET /live.mpd
[dash] D: GET /chunk-stream1-00077.m4s
[dash] D: GET /chunk-stream0-00077.m4s
[dash] D: GET /live.mpd
[dash] D: GET /chunk-stream1-00078.m4s
[dash] D: GET /chunk-stream0-00078.m4s
[dash] D: GET /live.mpd
[dash] D: GET /chunk-stream1-00079.m4s
[dash] I: stats: req=247 mpd=88 seg=159 404=0 full=247 prog=0 hold=0 (0 ms avg) restart=0
[dash] D: GET /chunk-stream0-00079.m4s
[dash] D: GET /live.mpd
[dash] D: GET /chunk-stream1-00080.m4s
[dash] D: GET /chunk-stream0-00080.m4s
[dash] D: GET /live.mpd
[dash] D: GET /chunk-stream1-00081.m4s
[dash] D: GET /chunk-stream0-00081.m4s
[dash] D: GET /live.mpd
[dash] D: GET /chunk-stream1-00082.m4s
[dash] D: GET /chunk-stream0-00082.m4s
[dash] D: GET /live.mpd
[dash] D: GET /chunk-stream1-00083.m4s
[dash] D: GET /chunk-stream0-00083.m4s
[dash] I: stats: req=260 mpd=92 seg=168 404=0 full=260 prog=0 hold=0 (0 ms avg) restart=0
[dash] D: GET /live.mpd
[dash] D: GET /chunk-stream1-00084.m4s
[dash] D: GET /chunk-stream0-00084.m4s
[dash] D: GET /live.mpd
[dash] D: GET /chunk-stream1-00085.m4s
[dash] D: GET /chunk-stream0-00085.m4s
[dash] D: GET /live.mpd
[dash] D: GET /chunk-stream1-00086.m4s
[dash] D: GET /chunk-stream0-00086.m4s
[dash] D: GET /live.mpd
[dash] D: GET /chunk-stream1-00087.m4s
[dash] D: GET /chunk-stream0-00087.m4s
[dash] I: stats: req=272 mpd=96 seg=176 404=0 full=272 prog=0 hold=0 (0 ms avg) restart=0
[dash] D: GET /live.mpd
[dash] D: GET /chunk-stream1-00088.m4s
[dash] D: GET /chunk-stream0-00088.m4s
[dash] D: GET /live.mpd
[dash] D: GET /chunk-stream1-00089.m4s
[dash] D: GET /chunk-stream0-00089.m4s
[dash] D: GET /live.mpd
[dash] D: GET /chunk-stream1-00090.m4s
[dash] D: GET /chunk-stream0-00090.m4s
[dash] D: GET /live.mpd
[dash] D: GET /chunk-stream1-00091.m4s
[dash] D: GET /chunk-stream0-00091.m4s
[dash] D: GET /live.mpd
[dash] D: GET /chunk-stream1-00092.m4s
[dash] D: GET /chunk-stream0-00092.m4s
[dash] I: stats: req=287 mpd=101 seg=186 404=0 full=287 prog=0 hold=0 (0 ms avg) restart=0
[dash] D: GET /live.mpd
[dash] D: GET /chunk-stream1-00093.m4s
[dash] D: GET /chunk-stream0-00093.m4s
[dash] D: GET /live.mpd
[dash] D: GET /chunk-stream1-00094.m4s
[dash] D: GET /chunk-stream0-00094.m4s
[dash] D: GET /live.mpd
[dash] D: GET /chunk-stream1-00095.m4s
[dash] D: GET /chunk-stream0-00095.m4s
[dash] D: GET /live.mpd
[dash] D: GET /chunk-stream1-00096.m4s
[dash] D: GET /chunk-stream0-00096.m4s
[dash] I: stats: req=299 mpd=105 seg=194 404=0 full=299 prog=0 hold=0 (0 ms avg) restart=0
[dash] D: GET /live.mpd
[dash] D: GET /chunk-stream1-00097.m4s
[dash] D: GET /chunk-stream0-00097.m4s
[dash] D: GET /live.mpd
[dash] D: GET /chunk-stream1-00098.m4s
[dash] D: GET /chunk-stream0-00098.m4s
[dash] D: GET /live.mpd
[dash] D: GET /chunk-stream1-00099.m4s
[dash] D: GET /chunk-stream0-00099.m4s
[dash] D: GET /live.mpd
[dash] D: GET /chunk-stream1-00100.m4s
[dash] D: GET /chunk-stream0-00100.m4s
[dash] D: GET /live.mpd
[dash] D: GET /chunk-stream1-00101.m4s
[dash] D: GET /chunk-stream0-00101.m4s
[dash] I: stats: req=314 mpd=110 seg=204 404=0 full=314 prog=0 hold=0 (0 ms avg) restart=0
[dash] D: GET /live.mpd
[dash] D: GET /chunk-stream1-00102.m4s
[dash] D: GET /chunk-stream0-00102.m4s
[dash] D: GET /live.mpd
[dash] D: GET /chunk-stream1-00103.m4s
[dash] D: GET /chunk-stream0-00103.m4s
[dash] D: GET /live.mpd
[dash] D: GET /chunk-stream1-00104.m4s
[dash] D: GET /chunk-stream0-00104.m4s
[dash] D: GET /live.mpd
[dash] D: GET /chunk-stream1-00105.m4s
[dash] D: GET /chunk-stream0-00105.m4s
[dash] I: stats: req=326 mpd=114 seg=212 404=0 full=326 prog=0 hold=0 (0 ms avg) restart=0
[dash] D: GET /live.mpd
[dash] D: GET /chunk-stream1-00106.m4s
[dash] D: GET /chunk-stream0-00106.m4s
[dash] D: GET /live.mpd
[dash] D: GET /chunk-stream1-00107.m4s
[dash] D: GET /chunk-stream0-00107.m4s
[dash] D: GET /live.mpd
[dash] D: GET /chunk-stream1-00108.m4s
[dash] D: GET /chunk-stream0-00108.m4s
[dash] D: GET /live.mpd
[dash] D: GET /chunk-stream1-00109.m4s
[dash] D: GET /chunk-stream0-00109.m4s
[dash] D: GET /live.mpd
[dash] D: GET /chunk-stream1-00110.m4s
[dash] I: stats: req=340 mpd=119 seg=221 404=0 full=340 prog=0 hold=0 (0 ms avg) restart=0
[dash] D: GET /chunk-stream0-00110.m4s
[dash] D: GET /live.mpd
[dash] D: GET /chunk-stream1-00111.m4s
[dash] D: GET /chunk-stream0-00111.m4s
[dash] D: GET /live.mpd
[dash] D: GET /chunk-stream1-00112.m4s
[dash] D: GET /chunk-stream0-00112.m4s
[dash] D: GET /live.mpd
[dash] D: GET /chunk-stream1-00113.m4s
[dash] D: GET /chunk-stream0-00113.m4s
[dash] D: GET /live.mpd
[dash] D: GET /chunk-stream1-00114.m4s
[dash] D: GET /chunk-stream0-00114.m4s
[mp4 @ 0x586660bdedc0] Application provided duration: -1 / timestamp: 6126591 is out of range for mov/mp4 format
[dash] I: stats: req=353 mpd=123 seg=230 404=0 full=353 prog=0 hold=0 (0 ms avg) restart=0
[dash] D: GET /live.mpd
[dash] D: GET /chunk-stream1-00115.m4s
[dash] D: GET /chunk-stream0-00115.m4s
[mp4 @ 0x586660bdedc0] Application provided duration: -1 / timestamp: 6171647 is out of range for mov/mp4 format
[dash] D: GET /live.mpd
[dash] D: GET /chunk-stream1-00116.m4s
[dash] D: GET /chunk-stream0-00116.m4s
[mp4 @ 0x586660bdedc0] Application provided duration: -1 / timestamp: 6216703 is out of range for mov/mp4 format
[mp4 @ 0x586660bdedc0] Application provided duration: -1 / timestamp: 6261759 is out of range for mov/mp4 format
[dash] D: GET /live.mpd
[dash] D: GET /chunk-stream1-00117.m4s
[dash] D: GET /chunk-stream0-00117.m4s
[mp4 @ 0x586660bdedc0] Application provided duration: -1 / timestamp: 6306815 is out of range for mov/mp4 format
[dash] D: GET /live.mpd
[dash] D: GET /chunk-stream1-00118.m4s
[dash] D: GET /chunk-stream0-00118.m4s
[mp4 @ 0x586660bdedc0] Application provided duration: -1 / timestamp: 6351871 is out of range for mov/mp4 format
[dash] I: stats: req=365 mpd=127 seg=238 404=0 full=365 prog=0 hold=0 (0 ms avg) restart=0
[dash] D: GET /live.mpd
[dash] D: GET /chunk-stream1-00119.m4s
[dash] D: GET /chunk-stream0-00119.m4s
[mp4 @ 0x586660bdedc0] Application provided duration: -1 / timestamp: 6396927 is out of range for mov/mp4 format
[dash] D: GET /live.mpd
[dash] D: GET /chunk-stream1-00120.m4s
[dash] D: GET /chunk-stream0-00120.m4s
[mp4 @ 0x586660bdedc0] Application provided duration: -1 / timestamp: 6441983 is out of range for mov/mp4 format
[dash] D: GET /live.mpd
[dash] D: GET /chunk-stream1-00121.m4s
[dash] D: GET /chunk-stream0-00121.m4s
[mp4 @ 0x586660bdedc0] Application provided duration: -1 / timestamp: 6487039 is out of range for mov/mp4 format
[dash] D: GET /live.mpd
[dash] D: GET /chunk-stream1-00122.m4s
[dash] D: GET /chunk-stream0-00122.m4s
[mp4 @ 0x586660bdedc0] Application provided duration: -1 / timestamp: 6532095 is out of range for mov/mp4 format
[mp4 @ 0x586660bdedc0] Application provided duration: -1 / timestamp: 6577151 is out of range for mov/mp4 format
[dash] D: GET /live.mpd
[dash] D: GET /chunk-stream1-00123.m4s
[dash] D: GET /chunk-stream0-00123.m4s
[dash] I: stats: req=380 mpd=132 seg=248 404=0 full=380 prog=0 hold=0 (0 ms avg) restart=0
[mp4 @ 0x586660bdedc0] Application provided duration: -1 / timestamp: 6622207 is out of range for mov/mp4 format
[dash] D: GET /live.mpd
[dash] D: GET /chunk-stream1-00124.m4s
[dash] D: GET /chunk-stream0-00124.m4s
[mp4 @ 0x586660bdedc0] Application provided duration: -1 / timestamp: 6667263 is out of range for mov/mp4 format
[dash] D: GET /live.mpd
[dash] D: GET /chunk-stream1-00125.m4s
[dash] D: GET /chunk-stream0-00125.m4s
[mp4 @ 0x586660bdedc0] Application provided duration: -1 / timestamp: 6712319 is out of range for mov/mp4 format
[dash] D: GET /live.mpd
[dash] D: GET /chunk-stream1-00126.m4s
[dash] D: GET /chunk-stream0-00126.m4s
[mp4 @ 0x586660bdedc0] Application provided duration: -1 / timestamp: 6757375 is out of range for mov/mp4 format
[dash] D: GET /live.mpd
[dash] D: GET /chunk-stream1-00127.m4s
[dash] D: GET /chunk-stream0-00127.m4s
[mp4 @ 0x586660bdedc0] Application provided duration: -1 / timestamp: 6802431 is out of range for mov/mp4 format
[dash] I: stats: req=392 mpd=136 seg=256 404=0 full=392 prog=0 hold=0 (0 ms avg) restart=0
[dash] D: GET /live.mpd
[dash] D: GET /chunk-stream1-00128.m4s
[dash] D: GET /chunk-stream0-00128.m4s
[mp4 @ 0x586660bdedc0] Application provided duration: -1 / timestamp: 6847487 is out of range for mov/mp4 format
[dash] D: GET /live.mpd
[dash] D: GET /chunk-stream1-00129.m4s
[dash] D: GET /chunk-stream0-00129.m4s
[dash] D: GET /live.mpd
[dash] D: GET /chunk-stream1-00130.m4s
[dash] D: GET /chunk-stream0-00130.m4s
[dash] D: GET /live.mpd
[dash] D: GET /chunk-stream1-00131.m4s
[dash] D: GET /chunk-stream0-00131.m4s
[dash] I: stats: req=404 mpd=140 seg=264 404=0 full=404 prog=0 hold=0 (0 ms avg) restart=0
[dash] D: GET /live.mpd
[dash] D: GET /chunk-stream1-00132.m4s
[dash] D: GET /chunk-stream0-00132.m4s
[dash] D: GET /live.mpd
[dash] D: GET /chunk-stream1-00133.m4s
[dash] D: GET /chunk-stream0-00133.m4s
[dash] D: GET /live.mpd
[dash] D: GET /chunk-stream1-00134.m4s
[dash] D: GET /chunk-stream0-00134.m4s
[dash] D: GET /live.mpd
[dash] D: GET /chunk-stream1-00135.m4s
[dash] D: GET /chunk-stream0-00135.m4s
[dash] D: GET /live.mpd
[dash] D: GET /chunk-stream1-00136.m4s
[dash] D: GET /chunk-stream0-00136.m4s
[dash] I: stats: req=419 mpd=145 seg=274 404=0 full=419 prog=0 hold=0 (0 ms avg) restart=0
[dash] D: GET /live.mpd
[dash] D: GET /chunk-stream1-00137.m4s
[dash] D: GET /chunk-stream0-00137.m4s
[dash] D: GET /live.mpd
[dash] D: GET /chunk-stream1-00138.m4s
[dash] D: GET /chunk-stream0-00138.m4s
[dash] D: GET /live.mpd
[dash] D: GET /chunk-stream1-00139.m4s
[dash] D: GET /chunk-stream0-00139.m4s
[dash] D: GET /live.mpd
[dash] D: GET /chunk-stream1-00140.m4s
[dash] D: GET /chunk-stream0-00140.m4s
[dash] I: stats: req=431 mpd=149 seg=282 404=0 full=431 prog=0 hold=0 (0 ms avg) restart=0
[dash] D: GET /live.mpd
[dash] D: GET /chunk-stream1-00141.m4s
[dash] D: GET /chunk-stream0-00141.m4s
[dash] D: GET /live.mpd
[dash] D: GET /chunk-stream1-00142.m4s
[dash] D: GET /chunk-stream0-00142.m4s
[dash] D: GET /live.mpd
[dash] D: GET /chunk-stream1-00143.m4s
[dash] D: GET /chunk-stream0-00143.m4s
[dash] D: GET /live.mpd
[dash] D: GET /chunk-stream1-00144.m4s
[dash] D: GET /chunk-stream0-00144.m4s
[dash] D: GET /live.mpd
[dash] D: GET /chunk-stream1-00145.m4s
[dash] D: GET /chunk-stream0-00145.m4s
[dash] I: stats: req=446 mpd=154 seg=292 404=0 full=446 prog=0 hold=0 (0 ms avg) restart=0
[dash] D: GET /live.mpd
[dash] D: GET /chunk-stream1-00146.m4s
[dash] D: GET /chunk-stream0-00146.m4s
[dash] D: GET /live.mpd
[dash] D: GET /chunk-stream1-00147.m4s
[dash] D: GET /chunk-stream0-00147.m4s
[dash] D: GET /live.mpd
[dash] D: GET /chunk-stream1-00148.m4s
[dash] D: GET /chunk-stream0-00148.m4s
[dash] D: GET /live.mpd
[dash] D: GET /chunk-stream1-00149.m4s
[dash] D: GET /chunk-stream0-00149.m4s
[dash] I: stats: req=458 mpd=158 seg=300 404=0 full=458 prog=0 hold=0 (0 ms avg) restart=0
[dash] D: GET /live.mpd
[dash] D: GET /chunk-stream1-00150.m4s
[dash] D: GET /chunk-stream0-00150.m4s
[dash] D: GET /live.mpd
[dash] D: GET /chunk-stream1-00151.m4s
[dash] D: GET /chunk-stream0-00151.m4s
[dash] D: GET /live.mpd
[dash] D: GET /chunk-stream1-00152.m4s
[dash] D: GET /chunk-stream0-00152.m4s
[dash] D: GET /live.mpd
[dash] D: GET /chunk-stream1-00153.m4s
[dash] D: GET /chunk-stream0-00153.m4s
[dash] D: GET /live.mpd
[dash] D: GET /chunk-stream1-00154.m4s
[dash] D: GET /chunk-stream0-00154.m4s
[dash] I: stats: req=473 mpd=163 seg=310 404=0 full=473 prog=0 hold=0 (0 ms avg) restart=0
[dash] D: GET /live.mpd
[dash] D: GET /chunk-stream1-00155.m4s
[dash] D: GET /chunk-stream0-00155.m4s
[dash] D: GET /live.mpd
[dash] D: GET /chunk-stream1-00156.m4s
[dash] D: GET /chunk-stream0-00156.m4s
[dash] D: GET /live.mpd
[dash] D: GET /chunk-stream1-00157.m4s
[dash] D: GET /chunk-stream0-00157.m4s
[dash] D: GET /live.mpd
[dash] D: GET /chunk-stream1-00158.m4s
[dash] D: GET /chunk-stream0-00158.m4s
[dash] I: stats: req=485 mpd=167 seg=318 404=0 full=485 prog=0 hold=0 (0 ms avg) restart=0
[dash] D: GET /live.mpd
[dash] D: GET /chunk-stream1-00159.m4s
[dash] D: GET /chunk-stream0-00159.m4s
[dash] D: GET /live.mpd
[dash] D: GET /chunk-stream1-00160.m4s
[dash] D: GET /chunk-stream0-00160.m4s
[dash] D: GET /live.mpd
[dash] D: GET /chunk-stream1-00161.m4s
[dash] D: GET /chunk-stream0-00161.m4s
[dash] D: GET /live.mpd
[dash] D: GET /chunk-stream1-00162.m4s
[dash] D: GET /chunk-stream0-00162.m4s
[dash] D: GET /live.mpd
[dash] D: GET /chunk-stream1-00163.m4s
[dash] D: GET /chunk-stream0-00163.m4s
[dash] I: stats: req=500 mpd=172 seg=328 404=0 full=500 prog=0 hold=0 (0 ms avg) restart=0
[dash] D: GET /live.mpd
[dash] D: GET /chunk-stream1-00164.m4s
[dash] D: GET /chunk-stream0-00164.m4s
[dash] D: GET /live.mpd
[dash] D: GET /chunk-stream1-00165.m4s
[dash] D: GET /chunk-stream0-00165.m4s
[dash] D: GET /live.mpd
[dash] D: GET /chunk-stream1-00166.m4s
[dash] D: GET /chunk-stream0-00166.m4s
[dash] D: GET /live.mpd
[dash] D: GET /chunk-stream1-00167.m4s
[dash] D: GET /chunk-stream0-00167.m4s
[dash] I: stats: req=512 mpd=176 seg=336 404=0 full=512 prog=0 hold=0 (0 ms avg) restart=0
[dash] D: GET /live.mpd
[dash] D: GET /chunk-stream1-00168.m4s
[dash] D: GET /chunk-stream0-00168.m4s
[dash] D: GET /live.mpd
[dash] D: GET /chunk-stream1-00169.m4s
[dash] D: GET /chunk-stream0-00169.m4s
[dash] D: GET /live.mpd
[dash] D: GET /chunk-stream1-00170.m4s
[dash] D: GET /chunk-stream0-00170.m4s
[dash] D: GET /live.mpd
[dash] D: GET /chunk-stream1-00171.m4s
[dash] D: GET /chunk-stream0-00171.m4s
[dash] I: stats: req=524 mpd=180 seg=344 404=0 full=524 prog=0 hold=0 (0 ms avg) restart=0
[dash] D: GET /live.mpd
[dash] D: GET /chunk-stream1-00172.m4s
[dash] D: GET /chunk-stream0-00172.m4s
[dash] D: GET /live.mpd
[dash] D: GET /chunk-stream1-00173.m4s
[dash] D: GET /chunk-stream0-00173.m4s
[dash] D: GET /live.mpd
[dash] D: GET /chunk-stream1-00174.m4s
[dash] D: GET /chunk-stream0-00174.m4s
[dash] D: GET /live.mpd
[dash] D: GET /chunk-stream1-00175.m4s
[dash] D: GET /chunk-stream0-00175.m4s
[dash] D: GET /live.mpd
[dash] D: GET /chunk-stream1-00176.m4s
[dash] D: GET /chunk-stream0-00176.m4s
[dash] I: stats: req=539 mpd=185 seg=354 404=0 full=539 prog=0 hold=0 (0 ms avg) restart=0
[dash] D: GET /live.mpd
[dash] D: GET /chunk-stream1-00177.m4s
[dash] D: GET /chunk-stream0-00177.m4s
[dash] D: GET /live.mpd
[dash] D: GET /chunk-stream1-00178.m4s
[dash] D: GET /chunk-stream0-00178.m4s
[dash] D: GET /live.mpd
[dash] D: GET /chunk-stream1-00179.m4s
[dash] D: GET /chunk-stream0-00179.m4s
[dash] D: GET /live.mpd
[dash] D: GET /chunk-stream1-00180.m4s
[dash] D: GET /chunk-stream0-00180.m4s
[dash] I: stats: req=551 mpd=189 seg=362 404=0 full=551 prog=0 hold=0 (0 ms avg) restart=0
[dash] D: GET /live.mpd
[dash] D: GET /chunk-stream1-00181.m4s
[dash] D: GET /chunk-stream0-00181.m4s
[dash] D: GET /live.mpd
[dash] D: GET /chunk-stream1-00182.m4s
[dash] D: GET /chunk-stream0-00182.m4s
[dash] D: GET /live.mpd
[dash] D: GET /chunk-stream1-00183.m4s
[dash] D: GET /chunk-stream0-00183.m4s
[dash] D: GET /live.mpd
[dash] D: GET /chunk-stream1-00184.m4s
[dash] D: GET /chunk-stream0-00184.m4s
[dash] D: GET /live.mpd
[dash] D: GET /chunk-stream1-00185.m4s
[dash] D: GET /chunk-stream0-00185.m4s
[dash] I: stats: req=566 mpd=194 seg=372 404=0 full=566 prog=0 hold=0 (0 ms avg) restart=0
[dash] D: GET /live.mpd
[dash] D: GET /chunk-stream1-00186.m4s
[dash] D: GET /chunk-stream0-00186.m4s
[dash] D: GET /live.mpd
[dash] D: GET /chunk-stream1-00187.m4s
[dash] D: GET /chunk-stream0-00187.m4s
[dash] D: GET /live.mpd
[dash] D: GET /chunk-stream1-00188.m4s
[dash] D: GET /chunk-stream0-00188.m4s
[dash] D: GET /live.mpd
[dash] D: GET /chunk-stream1-00189.m4s
[dash] D: GET /chunk-stream0-00189.m4s
[dash] I: stats: req=578 mpd=198 seg=380 404=0 full=578 prog=0 hold=0 (0 ms avg) restart=0
[dash] D: GET /live.mpd
[dash] D: GET /chunk-stream1-00190.m4s
[dash] D: GET /chunk-stream0-00190.m4s
[dash] D: GET /live.mpd
[dash] D: GET /chunk-stream1-00191.m4s
[dash] D: GET /chunk-stream0-00191.m4s
[dash] D: GET /live.mpd
[dash] D: GET /chunk-stream1-00192.m4s
[dash] D: GET /chunk-stream0-00192.m4s
[dash] D: GET /live.mpd
[dash] D: GET /chunk-stream1-00193.m4s
[dash] D: GET /chunk-stream0-00193.m4s
[dash] D: GET /live.mpd
[dash] D: GET /chunk-stream1-00194.m4s
[dash] D: GET /chunk-stream0-00194.m4s
[dash] I: stats: req=593 mpd=203 seg=390 404=0 full=593 prog=0 hold=0 (0 ms avg) restart=0
[dash] D: GET /live.mpd
[dash] D: GET /chunk-stream1-00195.m4s
[dash] D: GET /chunk-stream0-00195.m4s
[dash] D: GET /live.mpd
[dash] D: GET /chunk-stream1-00196.m4s
[dash] D: GET /chunk-stream0-00196.m4s
[dash] D: GET /live.mpd
[dash] D: GET /chunk-stream1-00197.m4s
[dash] D: GET /chunk-stream0-00197.m4s
[dash] D: GET /live.mpd
[dash] D: GET /chunk-stream1-00198.m4s
[dash] D: GET /chunk-stream0-00198.m4s
[dash] I: stats: req=605 mpd=207 seg=398 404=0 full=605 prog=0 hold=0 (0 ms avg) restart=0
[dash] D: GET /live.mpd
[dash] D: GET /chunk-stream1-00199.m4s
[dash] D: GET /chunk-stream0-00199.m4s
[dash] D: GET /live.mpd
[dash] D: GET /chunk-stream1-00200.m4s
[dash] D: GET /chunk-stream0-00200.m4s
[dash] D: GET /live.mpd
[dash] D: GET /chunk-stream1-00201.m4s
[dash] D: GET /chunk-stream0-00201.m4s
[dash] D: GET /live.mpd
[dash] D: GET /chunk-stream1-00202.m4s
[dash] D: GET /chunk-stream0-00202.m4s
[dash] D: GET /live.mpd
[dash] D: GET /chunk-stream1-00203.m4s
[dash] D: GET /chunk-stream0-00203.m4s
[dash] I: stats: req=620 mpd=212 seg=408 404=0 full=620 prog=0 hold=0 (0 ms avg) restart=0
[dash] D: GET /live.mpd
[dash] D: GET /chunk-stream1-00204.m4s
[dash] D: GET /chunk-stream0-00204.m4s
[dash] D: GET /live.mpd
[dash] D: GET /chunk-stream1-00205.m4s
[dash] D: GET /chunk-stream0-00205.m4s
[dash] D: GET /live.mpd
[dash] D: GET /chunk-stream1-00206.m4s
[dash] D: GET /chunk-stream0-00206.m4s
[dash] D: GET /live.mpd
[dash] D: GET /chunk-stream1-00207.m4s
[dash] D: GET /chunk-stream0-00207.m4s
[dash] I: stats: req=632 mpd=216 seg=416 404=0 full=632 prog=0 hold=0 (0 ms avg) restart=0
[dash] D: GET /live.mpd
[dash] D: GET /chunk-stream1-00208.m4s
[dash] D: GET /chunk-stream0-00208.m4s
[dash] D: GET /live.mpd
[dash] D: GET /chunk-stream1-00209.m4s
[dash] D: GET /chunk-stream0-00209.m4s
[dash] D: GET /live.mpd
[dash] D: GET /chunk-stream1-00210.m4s
[dash] D: GET /chunk-stream0-00210.m4s
[dash] D: GET /live.mpd
[dash] D: GET /chunk-stream1-00211.m4s
[dash] D: GET /chunk-stream0-00211.m4s
[dash] I: stats: req=644 mpd=220 seg=424 404=0 full=644 prog=0 hold=0 (0 ms avg) restart=0
[dash] D: GET /live.mpd
[dash] D: GET /chunk-stream1-00212.m4s
[dash] D: GET /chunk-stream0-00212.m4s
[dash] D: GET /live.mpd
[dash] D: GET /chunk-stream1-00213.m4s
[dash] D: GET /chunk-stream0-00213.m4s
[dash] D: GET /live.mpd
[dash] D: GET /chunk-stream1-00214.m4s
[dash] D: GET /chunk-stream0-00214.m4s
[dash] D: GET /live.mpd
[dash] D: GET /chunk-stream1-00215.m4s
[dash] D: GET /chunk-stream0-00215.m4s
[dash] D: GET /live.mpd
[dash] D: GET /chunk-stream1-00216.m4s
[dash] D: GET /chunk-stream0-00216.m4s
[dash] I: stats: req=659 mpd=225 seg=434 404=0 full=659 prog=0 hold=0 (0 ms avg) restart=0
[dash] D: GET /live.mpd
[dash] D: GET /chunk-stream1-00217.m4s
[dash] D: GET /chunk-stream0-00217.m4s
[dash] D: GET /live.mpd
[dash] D: GET /chunk-stream1-00218.m4s
[dash] D: GET /chunk-stream0-00218.m4s
[dash] D: GET /live.mpd
[dash] D: GET /chunk-stream1-00219.m4s
[dash] D: GET /chunk-stream0-00219.m4s
[dash] D: GET /live.mpd
[dash] D: GET /chunk-stream1-00220.m4s
[dash] D: GET /chunk-stream0-00220.m4s
[dash] I: stats: req=671 mpd=229 seg=442 404=0 full=671 prog=0 hold=0 (0 ms avg) restart=0
[dash] D: GET /live.mpd
[dash] D: GET /chunk-stream1-00221.m4s
[dash] D: GET /chunk-stream0-00221.m4s
[dash] D: GET /live.mpd
[dash] D: GET /chunk-stream1-00222.m4s
[dash] D: GET /chunk-stream0-00222.m4s
[dash] D: GET /live.mpd
[dash] D: GET /chunk-stream1-00223.m4s
[dash] D: GET /chunk-stream0-00223.m4s
[dash] D: GET /live.mpd
[dash] D: GET /chunk-stream1-00224.m4s
[dash] D: GET /chunk-stream0-00224.m4s
[dash] D: GET /live.mpd
[dash] D: GET /chunk-stream1-00225.m4s
[dash] D: GET /chunk-stream0-00225.m4s
[dash] I: stats: req=686 mpd=234 seg=452 404=0 full=686 prog=0 hold=0 (0 ms avg) restart=0
[dash] D: GET /live.mpd
[dash] D: GET /chunk-stream1-00226.m4s
[dash] D: GET /chunk-stream0-00226.m4s
[dash] D: GET /live.mpd
[dash] D: GET /chunk-stream1-00227.m4s
[dash] D: GET /chunk-stream0-00227.m4s
[dash] D: GET /live.mpd
[dash] D: GET /chunk-stream1-00228.m4s
[dash] D: GET /chunk-stream0-00228.m4s
[dash] D: GET /live.mpd
[dash] D: GET /chunk-stream1-00229.m4s
[dash] D: GET /chunk-stream0-00229.m4s
[dash] I: stats: req=698 mpd=238 seg=460 404=0 full=698 prog=0 hold=0 (0 ms avg) restart=0
[dash] D: GET /live.mpd
[dash] D: GET /chunk-stream1-00230.m4s
[dash] D: GET /chunk-stream0-00230.m4s
[dash] D: GET /live.mpd
[dash] D: GET /chunk-stream1-00231.m4s
[dash] D: GET /chunk-stream0-00231.m4s
[dash] D: GET /live.mpd
[dash] D: GET /chunk-stream1-00232.m4s
[dash] D: GET /chunk-stream0-00232.m4s
[dash] D: GET /live.mpd
[dash] D: GET /chunk-stream1-00233.m4s
[dash] D: GET /chunk-stream0-00233.m4s
[dash] D: GET /live.mpd
[dash] D: GET /chunk-stream1-00234.m4s
[dash] D: GET /chunk-stream0-00234.m4s
[dash] I: stats: req=713 mpd=243 seg=470 404=0 full=713 prog=0 hold=0 (0 ms avg) restart=0
[dash] D: GET /live.mpd
[dash] D: GET /chunk-stream1-00235.m4s
[dash] D: GET /chunk-stream0-00235.m4s
[dash] D: GET /live.mpd
[dash] D: GET /chunk-stream1-00236.m4s
[dash] D: GET /chunk-stream0-00236.m4s
[dash] D: GET /live.mpd
[dash] D: GET /chunk-stream1-00237.m4s
[dash] D: GET /chunk-stream0-00237.m4s
[dash] D: GET /live.mpd
[dash] D: GET /chunk-stream1-00238.m4s
[dash] D: GET /chunk-stream0-00238.m4s
[dash] I: stats: req=725 mpd=247 seg=478 404=0 full=725 prog=0 hold=0 (0 ms avg) restart=0
[dash] D: GET /live.mpd
[dash] D: GET /chunk-stream1-00239.m4s
[dash] D: GET /chunk-stream0-00239.m4s
[dash] D: GET /live.mpd
[dash] D: GET /chunk-stream1-00240.m4s
[dash] D: GET /chunk-stream0-00240.m4s
[dash] D: GET /live.mpd
[dash] D: GET /chunk-stream1-00241.m4s
[dash] D: GET /chunk-stream0-00241.m4s
[dash] D: GET /live.mpd
[dash] D: GET /chunk-stream1-00242.m4s
[dash] D: GET /chunk-stream0-00242.m4s
[dash] I: stats: req=737 mpd=251 seg=486 404=0 full=737 prog=0 hold=0 (0 ms avg) restart=0
[dash] D: GET /live.mpd
[dash] D: GET /chunk-stream1-00243.m4s
[dash] D: GET /chunk-stream0-00243.m4s
[dash] D: GET /live.mpd
[dash] D: GET /chunk-stream1-00244.m4s
[dash] D: GET /chunk-stream0-00244.m4s
[dash] D: GET /live.mpd
[dash] D: GET /chunk-stream1-00245.m4s
[dash] D: GET /chunk-stream0-00245.m4s
[dash] D: GET /live.mpd
[dash] D: GET /chunk-stream1-00246.m4s
[dash] D: GET /chunk-stream0-00246.m4s
[dash] D: GET /live.mpd
[dash] D: GET /chunk-stream1-00247.m4s
[dash] D: GET /chunk-stream0-00247.m4s
[dash] I: stats: req=752 mpd=256 seg=496 404=0 full=752 prog=0 hold=0 (0 ms avg) restart=0
[dash] D: GET /live.mpd
[dash] D: GET /chunk-stream1-00248.m4s
[dash] D: GET /chunk-stream0-00248.m4s
[dash] D: GET /live.mpd
[dash] D: GET /chunk-stream1-00249.m4s
[dash] D: GET /chunk-stream0-00249.m4s
