[dash] I: encoder: /home/deepak7121/REMOTEAPPS/thin-client/4K/swiftrade_av_21min.mp4 (1280x720 @60 fps) -> DASH live
[dash] I: manifest live.mpd: availabilityStartTime=yes frameRate=yes SegmentTemplate=yes SegmentTimeline=yes
[dash] I: serving MPD at http://0.0.0.0:8080/live.mpd (/tmp/vmc_dash_out/33908)
[dash] D: GET /live.mpd
[dash] I: stats: req=1 mpd=1 seg=0 404=0 full=1 prog=0 hold=0 (0 ms avg) restart=0
[dash] D: GET /live.mpd
[dash] D: GET /live.mpd
[dash] D: GET /live.mpd
[dash] D: GET /live.mpd
[mp4 @ 0x5b98bd4269c0] Application provided duration: -1 / timestamp: 177151 is out of range for mov/mp4 format
[dash] D: GET /live.mpd
[dash] D: GET /init-stream0.m4s
[dash] D: GET /init-stream1.m4s
[dash] D: GET /live.mpd
[dash] D: GET /chunk-stream1-00001.m4s
[dash] D: GET /chunk-stream1-00002.m4s
[dash] D: GET /chunk-stream0-00001.m4s
[dash] D: GET /chunk-stream0-00002.m4s
[dash] D: GET /live.mpd
[dash] D: GET /live.mpd
[dash] D: GET /chunk-stream1-00003.m4s
[dash] D: GET /chunk-stream0-00003.m4s
[mp4 @ 0x5b98bd4269c0] Application provided duration: -1 / timestamp: 221183 is out of range for mov/mp4 format
[dash] D: GET /live.mpd
[dash] D: GET /live.mpd
[dash] D: GET /chunk-stream1-00004.m4s
[dash] D: GET /chunk-stream0-00004.m4s
[dash] I: stats: req=21 mpd=11 seg=10 404=0 full=21 prog=0 hold=0 (0 ms avg) restart=0
[dash] D: GET /live.mpd
[dash] D: GET /live.mpd
[dash] D: GET /chunk-stream1-00005.m4s
[dash] D: GET /chunk-stream0-00005.m4s
[dash] D: GET /live.mpd
[dash] D: GET /live.mpd
[dash] D: GET /chunk-stream1-00006.m4s
[dash] D: GET /chunk-stream0-00006.m4s
[dash] D: GET /live.mpd
[dash] D: GET /live.mpd
[dash] D: GET /chunk-stream1-00007.m4s
[dash] D: GET /chunk-stream0-00007.m4s
[dash] D: GET /live.mpd
[dash] D: GET /live.mpd
[dash] D: GET /chunk-stream1-00008.m4s
[dash] D: GET /chunk-stream0-00008.m4s
[dash] D: GET /live.mpd
[dash] D: GET /live.mpd
[dash] D: GET /chunk-stream1-00009.m4s
[dash] D: GET /chunk-stream0-00009.m4s
[dash] D: GET /live.mpd
[dash] I: stats: req=42 mpd=22 seg=20 404=0 full=42 prog=0 hold=0 (0 ms avg) restart=0
[dash] D: GET /live.mpd
[dash] D: GET /chunk-stream1-00010.m4s
[dash] D: GET /chunk-stream0-00010.m4s
[dash] D: GET /live.mpd
[dash] D: GET /live.mpd
[dash] D: GET /chunk-stream1-00011.m4s
[dash] D: GET /chunk-stream0-00011.m4s
[dash] D: GET /live.mpd
[dash] D: GET /live.mpd
[dash] D: GET /chunk-stream1-00012.m4s
[dash] D: GET /chunk-stream0-00012.m4s
[dash] D: GET /live.mpd
[dash] D: GET /live.mpd
[dash] D: GET /chunk-stream1-00013.m4s
[dash] D: GET /chunk-stream0-00013.m4s
[dash] D: GET /live.mpd
[dash] D: GET /live.mpd
[dash] D: GET /chunk-stream1-00014.m4s
[dash] D: GET /chunk-stream0-00014.m4s
[dash] D: GET /live.mpd
[dash] D: GET /live.mpd
[dash] D: GET /chunk-stream1-00015.m4s
[dash] D: GET /chunk-stream0-00015.m4s
[dash] I: stats: req=65 mpd=33 seg=32 404=0 full=65 prog=0 hold=0 (0 ms avg) restart=0
[mp4 @ 0x5b98bd4269c0] Application provided duration: -1 / timestamp: 750591 is out of range for mov/mp4 format
[dash] D: GET /live.mpd
[dash] D: GET /live.mpd
[dash] D: GET /chunk-stream1-00016.m4s
[dash] D: GET /chunk-stream0-00016.m4s
[dash] D: GET /live.mpd
[dash] D: GET /live.mpd
[dash] D: GET /live.mpd
[dash] D: GET /chunk-stream1-00017.m4s
[dash] D: GET /chunk-stream0-00017.m4s
[dash] D: GET /live.mpd
[dash] D: GET /live.mpd
[dash] D: GET /chunk-stream1-00018.m4s
[dash] D: GET /chunk-stream0-00018.m4s
[dash] D: GET /live.mpd
[dash] D: GET /live.mpd
[dash] D: GET /live.mpd
[dash] D: GET /chunk-stream1-00019.m4s
[dash] D: GET /chunk-stream0-00019.m4s
[mp4 @ 0x5b98bd4269c0] Application provided duration: -1 / timestamp: 926719 is out of range for mov/mp4 format
[dash] D: GET /live.mpd
[dash] D: GET /live.mpd
[dash] D: GET /chunk-stream1-00020.m4s
[dash] D: GET /chunk-stream0-00020.m4s
[dash] D: GET /live.mpd
[dash] I: stats: req=88 mpd=46 seg=42 404=0 full=88 prog=0 hold=0 (0 ms avg) restart=0
[dash] D: GET /live.mpd
[dash] D: GET /chunk-stream1-00021.m4s
[dash] D: GET /chunk-stream0-00021.m4s
[dash] D: GET /live.mpd
[dash] D: GET /live.mpd
[dash] D: GET /live.mpd
[dash] D: GET /chunk-stream1-00022.m4s
[dash] D: GET /chunk-stream0-00022.m4s
[dash] D: GET /live.mpd
[dash] D: GET /live.mpd
[dash] D: GET /chunk-stream1-00023.m4s
[dash] D: GET /chunk-stream0-00023.m4s
[dash] D: GET /live.mpd
[dash] D: GET /live.mpd
[dash] D: GET /live.mpd
[dash] D: GET /live.mpd
[dash] D: GET /chunk-stream1-00024.m4s
[dash] D: GET /chunk-stream0-00024.m4s
[dash] D: GET /live.mpd
[dash] D: GET /live.mpd
[dash] D: GET /live.mpd
[dash] D: GET /chunk-stream1-00025.m4s
[dash] D: GET /chunk-stream0-00025.m4s
[dash] D: GET /live.mpd
[dash] I: stats: req=112 mpd=60 seg=52 404=0 full=112 prog=0 hold=0 (0 ms avg) restart=0
[dash] D: GET /live.mpd
[dash] D: GET /live.mpd
[dash] D: GET /live.mpd
[dash] D: GET /chunk-stream1-00026.m4s
[dash] D: GET /chunk-stream0-00026.m4s
[dash] D: GET /live.mpd
[dash] D: GET /live.mpd
[dash] D: GET /live.mpd
[dash] D: GET /chunk-stream1-00027.m4s
[dash] D: GET /chunk-stream0-00027.m4s
[dash] D: GET /live.mpd
[dash] D: GET /live.mpd
[dash] D: GET /live.mpd
[dash] D: GET /chunk-stream1-00028.m4s
[dash] D: GET /chunk-stream0-00028.m4s
[dash] D: GET /live.mpd
[dash] D: GET /live.mpd
[dash] D: GET /live.mpd
[dash] D: GET /chunk-stream1-00029.m4s
[dash] D: GET /chunk-stream0-00029.m4s
[dash] D: GET /live.mpd
[dash] D: GET /live.mpd
[dash] D: GET /live.mpd
[dash] D: GET /chunk-stream1-00030.m4s
[dash] D: GET /chunk-stream0-00030.m4s
[mp4 @ 0x5b98bd4269c0] Application provided duration: -1 / timestamp: 1412095 is out of range for mov/mp4 format
[dash] D: GET /live.mpd
[dash] D: GET /live.mpd
[dash] D: GET /live.mpd
[dash] I: stats: req=140 mpd=78 seg=62 404=0 full=140 prog=0 hold=0 (0 ms avg) restart=0
[dash] D: GET /chunk-stream1-00031.m4s
[dash] D: GET /chunk-stream0-00031.m4s
[mp4 @ 0x5b98bd4269c0] Application provided duration: -1 / timestamp: 1456127 is out of range for mov/mp4 format
[dash] D: GET /live.mpd
[dash] D: GET /live.mpd
[dash] D: GET /live.mpd
[dash] D: GET /chunk-stream1-00032.m4s
[dash] D: GET /chunk-stream0-00032.m4s
[dash] D: GET /live.mpd
[dash] D: GET /live.mpd
[dash] D: GET /live.mpd
[dash] D: GET /chunk-stream1-00033.m4s
[dash] D: GET /chunk-stream0-00033.m4s
[dash] D: GET /live.mpd
[dash] D: GET /live.mpd
[dash] D: GET /live.mpd
[dash] D: GET /chunk-stream1-00034.m4s
[dash] D: GET /chunk-stream0-00034.m4s
[dash] D: GET /live.mpd
[dash] D: GET /live.mpd
[dash] D: GET /live.mpd
[dash] D: GET /chunk-stream1-00035.m4s
[dash] D: GET /chunk-stream0-00035.m4s
[dash] D: GET /live.mpd
[dash] D: GET /live.mpd
[dash] D: GET /live.mpd
[dash] I: stats: req=165 mpd=93 seg=72 404=0 full=165 prog=0 hold=0 (0 ms avg) restart=0
[dash] D: GET /chunk-stream1-00036.m4s
[dash] D: GET /chunk-stream0-00036.m4s
[dash] D: GET /live.mpd
[dash] D: GET /live.mpd
[dash] D: GET /live.mpd
[dash] D: GET /chunk-stream1-00037.m4s
[dash] D: GET /chunk-stream0-00037.m4s
[dash] D: GET /live.mpd
[dash] D: GET /live.mpd
[dash] D: GET /live.mpd
[dash] D: GET /chunk-stream1-00038.m4s
[dash] D: GET /chunk-stream0-00038.m4s
[mp4 @ 0x5b98bd4269c0] Application provided duration: -1 / timestamp: 1764351 is out of range for mov/mp4 format
[dash] D: GET /live.mpd
[dash] D: GET /live.mpd
[dash] D: GET /live.mpd
[dash] D: GET /chunk-stream1-00039.m4s
[dash] D: GET /chunk-stream0-00039.m4s
[dash] D: GET /live.mpd
[dash] D: GET /live.mpd
[dash] D: GET /live.mpd
[dash] D: GET /chunk-stream1-00040.m4s
[dash] D: GET /chunk-stream0-00040.m4s
[dash] D: GET /live.mpd
[dash] D: GET /live.mpd
[dash] D: GET /live.mpd
[dash] D: GET /chunk-stream1-00041.m4s
[dash] I: stats: req=191 mpd=108 seg=83 404=0 full=191 prog=0 hold=0 (0 ms avg) restart=0
[dash] D: GET /chunk-stream0-00041.m4s
[dash] D: GET /live.mpd
[dash] D: GET /live.mpd
[dash] D: GET /live.mpd
[dash] D: GET /chunk-stream1-00042.m4s
[dash] D: GET /chunk-stream0-00042.m4s
[dash] D: GET /live.mpd
[dash] D: GET /live.mpd
[dash] D: GET /live.mpd
[dash] D: GET /chunk-stream1-00043.m4s
[dash] D: GET /chunk-stream0-00043.m4s
[dash] D: GET /live.mpd
[dash] D: GET /live.mpd
[dash] D: GET /live.mpd
[dash] D: GET /chunk-stream1-00044.m4s
[dash] D: GET /chunk-stream0-00044.m4s
[dash] D: GET /live.mpd
[dash] D: GET /live.mpd
[dash] D: GET /live.mpd
[dash] D: GET /chunk-stream1-00045.m4s
[dash] D: GET /chunk-stream0-00045.m4s
[dash] D: GET /live.mpd
[dash] D: GET /live.mpd
[dash] D: GET /live.mpd
[dash] D: GET /chunk-stream1-00046.m4s
[dash] D: GET /chunk-stream0-00046.m4s
[dash] I: stats: req=217 mpd=123 seg=94 404=0 full=217 prog=0 hold=0 (0 ms avg) restart=0
[dash] D: GET /live.mpd
[dash] D: GET /live.mpd
[dash] D: GET /live.mpd
[dash] D: GET /chunk-stream1-00047.m4s
[dash] D: GET /chunk-stream0-00047.m4s
[dash] D: GET /live.mpd
[dash] D: GET /live.mpd
[dash] D: GET /live.mpd
[dash] D: GET /chunk-stream1-00048.m4s
[dash] D: GET /chunk-stream0-00048.m4s
[dash] D: GET /live.mpd
[dash] D: GET /live.mpd
[dash] D: GET /live.mpd
[dash] D: GET /chunk-stream1-00049.m4s
[dash] D: GET /chunk-stream0-00049.m4s
[dash] D: GET /live.mpd
[dash] D: GET /live.mpd
[dash] D: GET /live.mpd
[dash] D: GET /chunk-stream1-00050.m4s
[dash] D: GET /chunk-stream0-00050.m4s
[dash] D: GET /live.mpd
[dash] D: GET /live.mpd
[dash] D: GET /live.mpd
[dash] D: GET /chunk-stream1-00051.m4s
[dash] D: GET /chunk-stream0-00051.m4s
[dash] D: GET /live.mpd
[dash] I: stats: req=243 mpd=139 seg=104 404=0 full=243 prog=0 hold=0 (0 ms avg) restart=0
[dash] D: GET /live.mpd
[dash] D: GET /chunk-stream1-00052.m4s
[dash] D: GET /chunk-stream0-00052.m4s
[dash] D: GET /live.mpd
[dash] D: GET /live.mpd
[dash] D: GET /live.mpd
[dash] D: GET /chunk-stream1-00053.m4s
[dash] D: GET /chunk-stream0-00053.m4s
[dash] D: GET /live.mpd
[dash] D: GET /live.mpd
[dash] D: GET /live.mpd
[dash] D: GET /chunk-stream1-00054.m4s
[dash] D: GET /chunk-stream0-00054.m4s
[dash] D: GET /live.mpd
[dash] D: GET /live.mpd
[dash] D: GET /live.mpd
[dash] D: GET /chunk-stream1-00055.m4s
[dash] D: GET /chunk-stream0-00055.m4s
[dash] D: GET /live.mpd
[dash] D: GET /live.mpd
[dash] D: GET /live.mpd
[dash] D: GET /chunk-stream1-00056.m4s
[dash] D: GET /chunk-stream0-00056.m4s
[dash] D: GET /live.mpd
[dash] D: GET /live.mpd
[dash] I: stats: req=268 mpd=154 seg=114 404=0 full=268 prog=0 hold=0 (0 ms avg) restart=0
[dash] D: GET /live.mpd
[dash] D: GET /chunk-stream1-00057.m4s
[dash] D: GET /chunk-stream0-00057.m4s
[dash] D: GET /live.mpd
[dash] D: GET /live.mpd
[dash] D: GET /live.mpd
[dash] D: GET /chunk-stream1-00058.m4s
[dash] D: GET /chunk-stream0-00058.m4s
[dash] D: GET /live.mpd
[dash] D: GET /live.mpd
[dash] D: GET /live.mpd
[dash] D: GET /chunk-stream1-00059.m4s
[dash] D: GET /chunk-stream0-00059.m4s
[dash] D: GET /live.mpd
[dash] D: GET /live.mpd
[dash] D: GET /live.mpd
[dash] D: GET /chunk-stream1-00060.m4s
[dash] D: GET /chunk-stream0-00060.m4s
[dash] D: GET /live.mpd
[dash] D: GET /live.mpd
[dash] D: GET /live.mpd
[dash] D: GET /chunk-stream1-00061.m4s
[dash] D: GET /chunk-stream0-00061.m4s
[dash] D: GET /live.mpd
[dash] D: GET /live.mpd
[dash] D: GET /live.mpd
[dash] I: stats: req=294 mpd=170 seg=124 404=0 full=294 prog=0 hold=0 (0 ms avg) restart=0
[dash] D: GET /chunk-stream1-00062.m4s
[dash] D: GET /chunk-stream0-00062.m4s
[mp4 @ 0x5b98bd4269c0] Application provided duration: -1 / timestamp: 2823167 is out of range for mov/mp4 format
[dash] D: GET /live.mpd
[dash] D: GET /live.mpd
[dash] D: GET /live.mpd
[dash] D: GET /chunk-stream1-00063.m4s
[dash] D: GET /chunk-stream0-00063.m4s
[dash] D: GET /live.mpd
[dash] D: GET /live.mpd
[dash] D: GET /live.mpd
[dash] D: GET /chunk-stream1-00064.m4s
[dash] D: GET /chunk-stream0-00064.m4s
[dash] D: GET /live.mpd
[dash] D: GET /live.mpd
[dash] D: GET /live.mpd
[dash] D: GET /chunk-stream1-00065.m4s
[dash] D: GET /chunk-stream0-00065.m4s
[dash] D: GET /live.mpd
[dash] D: GET /live.mpd
[dash] D: GET /live.mpd
[dash] D: GET /chunk-stream1-00066.m4s
[dash] D: GET /chunk-stream0-00066.m4s
[dash] D: GET /live.mpd
[dash] D: GET /live.mpd
[dash] D: GET /live.mpd
[dash] D: GET /chunk-stream1-00067.m4s
[dash] D: GET /chunk-stream0-00067.m4s
[dash] I: stats: req=321 mpd=185 seg=136 404=0 full=321 prog=0 hold=0 (0 ms avg) restart=0
[dash] D: GET /live.mpd
[dash] D: GET /live.mpd
[dash] D: GET /live.mpd
[dash] D: GET /chunk-stream1-00068.m4s
[dash] D: GET /chunk-stream0-00068.m4s
[dash] D: GET /live.mpd
[dash] D: GET /live.mpd
[dash] D: GET /live.mpd
[dash] D: GET /chunk-stream1-00069.m4s
[dash] D: GET /chunk-stream0-00069.m4s
[dash] D: GET /live.mpd
[dash] D: GET /live.mpd
[dash] D: GET /live.mpd
[dash] D: GET /chunk-stream1-00070.m4s
[dash] D: GET /chunk-stream0-00070.m4s
[dash] D: GET /live.mpd
[dash] D: GET /live.mpd
[dash] D: GET /live.mpd
[dash] D: GET /chunk-stream1-00071.m4s
[dash] D: GET /chunk-stream0-00071.m4s
[dash] D: GET /live.mpd
[dash] D: GET /live.mpd
[dash] D: GET /live.mpd
[dash] D: GET /chunk-stream1-00072.m4s
[dash] D: GET /chunk-stream0-00072.m4s
[dash] I: stats: req=346 mpd=200 seg=146 404=0 full=346 prog=0 hold=0 (0 ms avg) restart=0
[dash] D: GET /live.mpd
[dash] D: GET /live.mpd
[dash] D: GET /live.mpd
[dash] D: GET /chunk-stream1-00073.m4s
[dash] D: GET /chunk-stream0-00073.m4s
[dash] D: GET /live.mpd
[dash] D: GET /live.mpd
[dash] D: GET /live.mpd
[dash] D: GET /chunk-stream1-00074.m4s
[dash] D: GET /chunk-stream0-00074.m4s
[dash] D: GET /live.mpd
[dash] D: GET /live.mpd
[dash] D: GET /live.mpd
[dash] D: GET /chunk-stream1-00075.m4s
[dash] D: GET /chunk-stream0-00075.m4s
[dash] D: GET /live.mpd
[dash] D: GET /live.mpd
[dash] D: GET /live.mpd
[dash] D: GET /chunk-stream1-00076.m4s
[dash] D: GET /chunk-stream0-00076.m4s
[dash] D: GET /live.mpd
[dash] D: GET /live.mpd
[dash] D: GET /live.mpd
[dash] D: GET /chunk-stream1-00077.m4s
[dash] D: GET /chunk-stream0-00077.m4s
[dash] I: stats: req=371 mpd=215 seg=156 404=0 full=371 prog=0 hold=0 (0 ms avg) restart=0
[dash] D: GET /live.mpd
[dash] D: GET /live.mpd
[dash] D: GET /live.mpd
[dash] D: GET /chunk-stream1-00078.m4s
[dash] D: GET /chunk-stream0-00078.m4s
[dash] D: GET /live.mpd
[dash] D: GET /live.mpd
[dash] D: GET /live.mpd
[dash] D: GET /chunk-stream1-00079.m4s
[dash] D: GET /chunk-stream0-00079.m4s
[mp4 @ 0x5b98bd4269c0] Application provided duration: -1 / timestamp: 3572735 is out of range for mov/mp4 format
[dash] D: GET /live.mpd
[dash] D: GET /live.mpd
[dash] D: GET /live.mpd
[dash] D: GET /chunk-stream1-00080.m4s
[dash] D: GET /chunk-stream0-00080.m4s
[dash] D: GET /live.mpd
[dash] D: GET /live.mpd
[dash] D: GET /live.mpd
[dash] D: GET /chunk-stream1-00081.m4s
[dash] D: GET /chunk-stream0-00081.m4s
[dash] D: GET /live.mpd
[dash] D: GET /live.mpd
[dash] D: GET /live.mpd
[dash] D: GET /chunk-stream1-00082.m4s
[dash] D: GET /chunk-stream0-00082.m4s
[dash] I: stats: req=396 mpd=230 seg=166 404=0 full=396 prog=0 hold=0 (0 ms avg) restart=0
[dash] D: GET /live.mpd
[dash] D: GET /live.mpd
[dash] D: GET /live.mpd
[dash] D: GET /chunk-stream1-00083.m4s
[dash] D: GET /chunk-stream0-00083.m4s
[dash] D: GET /live.mpd
[dash] D: GET /live.mpd
[dash] D: GET /live.mpd
[dash] D: GET /chunk-stream1-00084.m4s
[dash] D: GET /chunk-stream0-00084.m4s
[dash] D: GET /live.mpd
[dash] D: GET /live.mpd
[dash] D: GET /live.mpd
[dash] D: GET /chunk-stream1-00085.m4s
[dash] D: GET /chunk-stream0-00085.m4s
[dash] D: GET /live.mpd
[dash] D: GET /live.mpd
[dash] D: GET /live.mpd
[dash] D: GET /chunk-stream1-00086.m4s
[dash] D: GET /chunk-stream0-00086.m4s
[dash] D: GET /live.mpd
[dash] D: GET /live.mpd
[dash] D: GET /live.mpd
[dash] D: GET /chunk-stream1-00087.m4s
[dash] D: GET /chunk-stream0-00087.m4s
[dash] I: stats: req=421 mpd=245 seg=176 404=0 full=421 prog=0 hold=0 (0 ms avg) restart=0
[dash] D: GET /live.mpd
[dash] D: GET /live.mpd
[dash] D: GET /chunk-stream1-00088.m4s
[dash] D: GET /chunk-stream0-00088.m4s
[dash] D: GET /live.mpd
[dash] D: GET /live.mpd
[dash] D: GET /live.mpd
[dash] D: GET /chunk-stream1-00089.m4s
[dash] D: GET /chunk-stream0-00089.m4s
[dash] D: GET /live.mpd
[dash] D: GET /live.mpd
[dash] D: GET /live.mpd
[dash] D: GET /chunk-stream1-00090.m4s
[dash] D: GET /chunk-stream0-00090.m4s
[dash] D: GET /live.mpd
[dash] D: GET /live.mpd
[dash] D: GET /live.mpd
[dash] D: GET /chunk-stream1-00091.m4s
[dash] D: GET /chunk-stream0-00091.m4s
[dash] D: GET /live.mpd
[dash] D: GET /live.mpd
[dash] D: GET /live.mpd
[dash] D: GET /chunk-stream1-00092.m4s
[dash] D: GET /chunk-stream0-00092.m4s
[dash] D: GET /live.mpd
[dash] I: stats: req=446 mpd=260 seg=186 404=0 full=446 prog=0 hold=0 (0 ms avg) restart=0
[dash] D: GET /live.mpd
[dash] D: GET /live.mpd
[dash] D: GET /chunk-stream1-00093.m4s
[dash] D: GET /chunk-stream0-00093.m4s
[dash] D: GET /live.mpd
[dash] D: GET /live.mpd
[dash] D: GET /live.mpd
[dash] D: GET /chunk-stream1-00094.m4s
[dash] D: GET /chunk-stream0-00094.m4s
[dash] D: GET /live.mpd
[dash] D: GET /live.mpd
[dash] D: GET /chunk-stream1-00095.m4s
[dash] D: GET /chunk-stream0-00095.m4s
[dash] D: GET /live.mpd
[dash] D: GET /live.mpd
[dash] D: GET /live.mpd
[dash] D: GET /chunk-stream1-00096.m4s
[dash] D: GET /chunk-stream0-00096.m4s
[dash] D: GET /live.mpd
[dash] D: GET /live.mpd
[dash] D: GET /live.mpd
[dash] D: GET /chunk-stream1-00097.m4s
[dash] D: GET /chunk-stream0-00097.m4s
[dash] D: GET /live.mpd
[dash] I: stats: req=470 mpd=274 seg=196 404=0 full=470 prog=0 hold=0 (0 ms avg) restart=0
[dash] D: GET /live.mpd
[dash] D: GET /live.mpd
[dash] D: GET /chunk-stream1-00098.m4s
[dash] D: GET /chunk-stream0-00098.m4s
[dash] D: GET /live.mpd
[dash] D: GET /live.mpd
[dash] D: GET /chunk-stream1-00099.m4s
[dash] D: GET /chunk-stream0-00099.m4s
[dash] D: GET /live.mpd
[dash] D: GET /live.mpd
[dash] D: GET /chunk-stream1-00100.m4s
[dash] D: GET /chunk-stream0-00100.m4s
[dash] D: GET /live.mpd
[dash] D: GET /live.mpd
[dash] D: GET /live.mpd
[dash] D: GET /chunk-stream1-00101.m4s
[dash] D: GET /chunk-stream0-00101.m4s
[dash] D: GET /live.mpd
[dash] D: GET /live.mpd
[dash] D: GET /chunk-stream1-00102.m4s
[dash] D: GET /chunk-stream0-00102.m4s
[dash] D: GET /live.mpd
[dash] I: stats: req=492 mpd=286 seg=206 404=0 full=492 prog=0 hold=0 (0 ms avg) restart=0
[dash] D: GET /live.mpd
[dash] D: GET /chunk-stream1-00103.m4s
[dash] D: GET /chunk-stream0-00103.m4s
[dash] D: GET /live.mpd
[dash] D: GET /live.mpd
[dash] D: GET /chunk-stream1-00104.m4s
[dash] D: GET /chunk-stream0-00104.m4s
[dash] D: GET /live.mpd
[dash] D: GET /live.mpd
[dash] D: GET /chunk-stream1-00105.m4s
[dash] D: GET /chunk-stream0-00105.m4s
[dash] D: GET /live.mpd
[dash] D: GET /live.mpd
[dash] D: GET /chunk-stream1-00106.m4s
[dash] D: GET /chunk-stream0-00106.m4s
[dash] D: GET /live.mpd
[dash] D: GET /live.mpd
[dash] D: GET /live.mpd
[dash] D: GET /chunk-stream1-00107.m4s
[dash] D: GET /chunk-stream0-00107.m4s
[dash] D: GET /live.mpd
[dash] D: GET /live.mpd
[dash] I: stats: req=514 mpd=298 seg=216 404=0 full=514 prog=0 hold=0 (0 ms avg) restart=0
[dash] D: GET /chunk-stream1-00108.m4s
[dash] D: GET /chunk-stream0-00108.m4s
[dash] D: GET /live.mpd
[dash] D: GET /live.mpd
[dash] D: GET /chunk-stream1-00109.m4s
[dash] D: GET /chunk-stream0-00109.m4s
[dash] D: GET /live.mpd
[dash] D: GET /live.mpd
[dash] D: GET /chunk-stream1-00110.m4s
[dash] D: GET /chunk-stream0-00110.m4s
[dash] D: GET /live.mpd
[dash] D: GET /live.mpd
[dash] D: GET /chunk-stream1-00111.m4s
[dash] D: GET /chunk-stream0-00111.m4s
[dash] D: GET /live.mpd
[dash] D: GET /live.mpd
[dash] D: GET /chunk-stream1-00112.m4s
[dash] D: GET /chunk-stream0-00112.m4s
[dash] D: GET /live.mpd
[dash] D: GET /live.mpd
[dash] I: stats: req=534 mpd=308 seg=226 404=0 full=534 prog=0 hold=0 (0 ms avg) restart=0
[dash] D: GET /chunk-stream1-00113.m4s
[dash] D: GET /chunk-stream0-00113.m4s
[dash] D: GET /live.mpd
[dash] D: GET /live.mpd
[dash] D: GET /chunk-stream1-00114.m4s
[dash] D: GET /chunk-stream0-00114.m4s
[dash] D: GET /live.mpd
[dash] D: GET /live.mpd
[dash] D: GET /live.mpd
[dash] D: GET /chunk-stream1-00115.m4s
[dash] D: GET /chunk-stream0-00115.m4s
[dash] D: GET /live.mpd
[dash] D: GET /live.mpd
[dash] D: GET /live.mpd
[dash] D: GET /chunk-stream1-00116.m4s
[dash] D: GET /chunk-stream0-00116.m4s
[dash] D: GET /live.mpd
[dash] D: GET /live.mpd
[dash] D: GET /live.mpd
[dash] D: GET /chunk-stream1-00117.m4s
[dash] D: GET /chunk-stream0-00117.m4s
[dash] D: GET /live.mpd
[dash] D: GET /live.mpd
[dash] D: GET /live.mpd
[dash] I: stats: req=558 mpd=322 seg=236 404=0 full=558 prog=0 hold=0 (0 ms avg) restart=0
[dash] D: GET /chunk-stream1-00118.m4s
[dash] D: GET /chunk-stream0-00118.m4s
[dash] D: GET /live.mpd
[dash] D: GET /live.mpd
[dash] D: GET /live.mpd
[dash] D: GET /chunk-stream1-00119.m4s
[dash] D: GET /chunk-stream0-00119.m4s
[dash] D: GET /live.mpd
[dash] D: GET /live.mpd
[dash] D: GET /live.mpd
[dash] D: GET /chunk-stream1-00120.m4s
[dash] D: GET /chunk-stream0-00120.m4s
[dash] D: GET /live.mpd
[dash] D: GET /live.mpd
[dash] D: GET /live.mpd
[dash] D: GET /chunk-stream1-00121.m4s
[dash] D: GET /chunk-stream0-00121.m4s
[dash] D: GET /live.mpd
[dash] D: GET /live.mpd
[dash] D: GET /live.mpd
[dash] D: GET /chunk-stream1-00122.m4s
[dash] D: GET /chunk-stream0-00122.m4s
[dash] D: GET /live.mpd
[dash] D: GET /live.mpd
[dash] D: GET /live.mpd
[dash] I: stats: req=583 mpd=337 seg=246 404=0 full=583 prog=0 hold=0 (0 ms avg) restart=0
[dash] D: GET /chunk-stream1-00123.m4s
[dash] D: GET /chunk-stream0-00123.m4s
[dash] D: GET /live.mpd
[dash] D: GET /live.mpd
[dash] D: GET /live.mpd
[dash] D: GET /chunk-stream1-00124.m4s
[dash] D: GET /chunk-stream0-00124.m4s
[dash] D: GET /live.mpd
[dash] D: GET /live.mpd
[dash] D: GET /live.mpd
[dash] D: GET /chunk-stream1-00125.m4s
[dash] D: GET /chunk-stream0-00125.m4s
[dash] D: GET /live.mpd
[dash] D: GET /live.mpd
[dash] D: GET /live.mpd
[dash] D: GET /chunk-stream1-00126.m4s
[dash] D: GET /chunk-stream0-00126.m4s
[dash] D: GET /live.mpd
[dash] D: GET /live.mpd
[dash] D: GET /live.mpd
[dash] D: GET /chunk-stream1-00127.m4s
[dash] D: GET /chunk-stream0-00127.m4s
[dash] D: GET /live.mpd
[dash] D: GET /live.mpd
[dash] I: stats: req=607 mpd=351 seg=256 404=0 full=607 prog=0 hold=0 (0 ms avg) restart=0
[dash] D: GET /live.mpd
[dash] D: GET /chunk-stream1-00128.m4s
[dash] D: GET /chunk-stream0-00128.m4s
[dash] D: GET /live.mpd
[dash] D: GET /live.mpd
[dash] D: GET /live.mpd
[dash] D: GET /chunk-stream1-00129.m4s
[dash] D: GET /chunk-stream0-00129.m4s
[dash] D: GET /live.mpd
[dash] D: GET /live.mpd
[dash] D: GET /live.mpd
[dash] D: GET /chunk-stream1-00130.m4s
[dash] D: GET /chunk-stream0-00130.m4s
[dash] D: GET /live.mpd
[dash] D: GET /live.mpd
[dash] D: GET /live.mpd
[dash] D: GET /chunk-stream1-00131.m4s
[dash] D: GET /chunk-stream0-00131.m4s
[dash] D: GET /live.mpd
[dash] D: GET /live.mpd
[dash] D: GET /live.mpd
[dash] D: GET /chunk-stream1-00132.m4s
[dash] D: GET /chunk-stream0-00132.m4s
[dash] D: GET /live.mpd
[dash] D: GET /live.mpd
[dash] D: GET /live.mpd
[dash] D: GET /chunk-stream1-00133.m4s
[dash] I: stats: req=634 mpd=367 seg=267 404=0 full=634 prog=0 hold=0 (0 ms avg) restart=0
[dash] D: GET /chunk-stream0-00133.m4s
[dash] D: GET /live.mpd
[dash] D: GET /live.mpd
[dash] D: GET /live.mpd
[dash] D: GET /chunk-stream1-00134.m4s
[dash] D: GET /chunk-stream0-00134.m4s
[dash] D: GET /live.mpd
[dash] D: GET /live.mpd
[dash] D: GET /live.mpd
[dash] D: GET /chunk-stream1-00135.m4s
[dash] D: GET /chunk-stream0-00135.m4s
[dash] D: GET /live.mpd
[dash] D: GET /live.mpd
[dash] D: GET /live.mpd
[dash] D: GET /chunk-stream1-00136.m4s
[dash] D: GET /chunk-stream0-00136.m4s
[dash] D: GET /live.mpd
[dash] D: GET /live.mpd
[dash] D: GET /live.mpd
[dash] D: GET /chunk-stream1-00137.m4s
[dash] D: GET /chunk-stream0-00137.m4s
[mp4 @ 0x5b98bd4269c0] Application provided duration: -1 / timestamp: 6130687 is out of range for mov/mp4 format
[dash] D: GET /live.mpd
[dash] D: GET /live.mpd
[dash] D: GET /live.mpd
[dash] D: GET /chunk-stream1-00138.m4s
[dash] D: GET /chunk-stream0-00138.m4s
[dash] I: stats: req=660 mpd=382 seg=278 404=0 full=660 prog=0 hold=0 (0 ms avg) restart=0
[dash] D: GET /live.mpd
[dash] D: GET /live.mpd
[dash] D: GET /live.mpd
[dash] D: GET /chunk-stream1-00139.m4s
[dash] D: GET /chunk-stream0-00139.m4s
[mp4 @ 0x5b98bd4269c0] Application provided duration: -1 / timestamp: 6218751 is out of range for mov/mp4 format
[dash] D: GET /live.mpd
[dash] D: GET /live.mpd
[dash] D: GET /live.mpd
[dash] D: GET /chunk-stream1-00140.m4s
[dash] D: GET /chunk-stream0-00140.m4s
[dash] D: GET /live.mpd
[dash] D: GET /live.mpd
[dash] D: GET /live.mpd
[dash] D: GET /chunk-stream1-00141.m4s
[dash] D: GET /chunk-stream0-00141.m4s
[mp4 @ 0x5b98bd4269c0] Application provided duration: -1 / timestamp: 6306815 is out of range for mov/mp4 format
[dash] D: GET /live.mpd
[dash] D: GET /live.mpd
[dash] D: GET /chunk-stream1-00142.m4s
[dash] D: GET /chunk-stream0-00142.m4s
[dash] D: GET /live.mpd
[dash] D: GET /live.mpd
[dash] D: GET /live.mpd
[dash] D: GET /chunk-stream1-00143.m4s
[dash] D: GET /chunk-stream0-00143.m4s
[mp4 @ 0x5b98bd4269c0] Application provided duration: -1 / timestamp: 6394879 is out of range for mov/mp4 format
[dash] I: stats: req=684 mpd=396 seg=288 404=0 full=684 prog=0 hold=0 (0 ms avg) restart=0
[dash] D: GET /live.mpd
[dash] D: GET /live.mpd
[dash] D: GET /live.mpd
[dash] D: GET /chunk-stream1-00144.m4s
[dash] D: GET /chunk-stream0-00144.m4s
[dash] D: GET /live.mpd
[dash] D: GET /live.mpd
[dash] D: GET /live.mpd
[dash] D: GET /chunk-stream1-00145.m4s
[dash] D: GET /chunk-stream0-00145.m4s
[dash] D: GET /live.mpd
[dash] D: GET /live.mpd
[dash] D: GET /live.mpd
[dash] D: GET /chunk-stream1-00146.m4s
[dash] D: GET /chunk-stream0-00146.m4s
[dash] D: GET /live.mpd
[dash] D: GET /live.mpd
[dash] D: GET /live.mpd
[dash] D: GET /chunk-stream1-00147.m4s
[dash] D: GET /chunk-stream0-00147.m4s
[dash] D: GET /live.mpd
[dash] D: GET /live.mpd
[dash] D: GET /live.mpd
[dash] D: GET /chunk-stream1-00148.m4s
[dash] D: GET /chunk-stream0-00148.m4s
[dash] D: GET /live.mpd
[dash] I: stats: req=710 mpd=412 seg=298 404=0 full=710 prog=0 hold=0 (0 ms avg) restart=0
[dash] D: GET /live.mpd
[dash] D: GET /live.mpd
[dash] D: GET /chunk-stream1-00149.m4s
[dash] D: GET /chunk-stream0-00149.m4s
[dash] D: GET /live.mpd
[dash] D: GET /live.mpd
[dash] D: GET /live.mpd
[dash] D: GET /chunk-stream1-00150.m4s
[dash] D: GET /chunk-stream0-00150.m4s
[dash] D: GET /live.mpd
[dash] D: GET /live.mpd
[dash] D: GET /live.mpd
[dash] D: GET /chunk-stream1-00151.m4s
[dash] D: GET /chunk-stream0-00151.m4s
[dash] D: GET /live.mpd
[dash] D: GET /live.mpd
[dash] D: GET /live.mpd
[dash] D: GET /chunk-stream1-00152.m4s
[dash] D: GET /chunk-stream0-00152.m4s
[dash] D: GET /live.mpd
[dash] D: GET /live.mpd
[dash] D: GET /live.mpd
[dash] D: GET /chunk-stream1-00153.m4s
[dash] D: GET /chunk-stream0-00153.m4s
[mp4 @ 0x5b98bd4269c0] Application provided duration: -1 / timestamp: 6836223 is out of range for mov/mp4 format
[dash] D: GET /live.mpd
[dash] D: GET /live.mpd
[dash] I: stats: req=736 mpd=428 seg=308 404=0 full=736 prog=0 hold=0 (0 ms avg) restart=0
[dash] D: GET /live.mpd
[dash] D: GET /chunk-stream1-00154.m4s
[dash] D: GET /chunk-stream0-00154.m4s
[dash] D: GET /live.mpd
[dash] D: GET /live.mpd
[dash] D: GET /live.mpd
[dash] D: GET /chunk-stream1-00155.m4s
[dash] D: GET /chunk-stream0-00155.m4s
[mp4 @ 0x5b98bd4269c0] Application provided duration: -1 / timestamp: 6924287 is out of range for mov/mp4 format
[dash] D: GET /live.mpd
[dash] D: GET /live.mpd
[dash] D: GET /live.mpd
[dash] D: GET /chunk-stream1-00156.m4s
[dash] D: GET /chunk-stream0-00156.m4s
[dash] D: GET /live.mpd
[dash] D: GET /live.mpd
[dash] D: GET /live.mpd
[dash] D: GET /chunk-stream1-00157.m4s
[dash] D: GET /chunk-stream0-00157.m4s
[mp4 @ 0x5b98bd4269c0] Application provided duration: -1 / timestamp: 7012351 is out of range for mov/mp4 format
[dash] D: GET /live.mpd
[dash] D: GET /live.mpd
[dash] D: GET /live.mpd
[dash] D: GET /chunk-stream1-00158.m4s
[dash] D: GET /chunk-stream0-00158.m4s
[dash] D: GET /live.mpd
[dash] D: GET /live.mpd
[dash] I: stats: req=761 mpd=443 seg=318 404=0 full=761 prog=0 hold=0 (0 ms avg) restart=0
[dash] D: GET /live.mpd
[dash] D: GET /chunk-stream1-00159.m4s
[dash] D: GET /chunk-stream0-00159.m4s
[mp4 @ 0x5b98bd4269c0] Application provided duration: -1 / timestamp: 7100415 is out of range for mov/mp4 format
[dash] D: GET /live.mpd
[dash] D: GET /live.mpd
[dash] D: GET /chunk-stream1-00160.m4s
[dash] D: GET /chunk-stream0-00160.m4s
[dash] D: GET /live.mpd
[dash] D: GET /live.mpd
[dash] D: GET /live.mpd
[dash] D: GET /chunk-stream1-00161.m4s
[dash] D: GET /chunk-stream0-00161.m4s
[dash] D: GET /live.mpd
[dash] D: GET /live.mpd
[dash] D: GET /chunk-stream1-00162.m4s
[dash] D: GET /chunk-stream0-00162.m4s
[dash] D: GET /live.mpd
[dash] D: GET /live.mpd
[dash] D: GET /chunk-stream1-00163.m4s
[dash] D: GET /chunk-stream0-00163.m4s
[dash] D: GET /live.mpd
[dash] D: GET /live.mpd
[dash] D: GET /live.mpd
[dash] I: stats: req=784 mpd=456 seg=328 404=0 full=784 prog=0 hold=0 (0 ms avg) restart=0
[dash] D: GET /chunk-stream1-00164.m4s
[dash] D: GET /chunk-stream0-00164.m4s
[dash] D: GET /live.mpd
[dash] D: GET /live.mpd
[dash] D: GET /live.mpd
[dash] D: GET /chunk-stream1-00165.m4s
[dash] D: GET /chunk-stream0-00165.m4s
[dash] D: GET /live.mpd
[dash] D: GET /live.mpd
[dash] D: GET /live.mpd
[dash] D: GET /chunk-stream1-00166.m4s
[dash] D: GET /chunk-stream0-00166.m4s
[dash] D: GET /live.mpd
[dash] D: GET /live.mpd
[dash] D: GET /chunk-stream1-00167.m4s
[dash] D: GET /chunk-stream0-00167.m4s
[dash] D: GET /live.mpd
[dash] D: GET /live.mpd
[dash] D: GET /live.mpd
[dash] D: GET /chunk-stream1-00168.m4s
[dash] D: GET /chunk-stream0-00168.m4s
[dash] D: GET /live.mpd
[dash] D: GET /live.mpd
[dash] D: GET /live.mpd
[dash] I: stats: req=808 mpd=470 seg=338 404=0 full=808 prog=0 hold=0 (0 ms avg) restart=0
[dash] D: GET /chunk-stream1-00169.m4s
[dash] D: GET /chunk-stream0-00169.m4s
[dash] D: GET /live.mpd
[dash] D: GET /live.mpd
[dash] D: GET /live.mpd
[dash] D: GET /chunk-stream1-00170.m4s
[dash] D: GET /chunk-stream0-00170.m4s
[dash] D: GET /live.mpd
[dash] D: GET /live.mpd
[dash] D: GET /live.mpd
[dash] D: GET /chunk-stream1-00171.m4s
[dash] D: GET /chunk-stream0-00171.m4s
[mp4 @ 0x5b98bd4269c0] Application provided duration: -1 / timestamp: 7629823 is out of range for mov/mp4 format
[dash] D: GET /live.mpd
[dash] D: GET /live.mpd
[dash] D: GET /live.mpd
[dash] D: GET /chunk-stream1-00172.m4s
[dash] D: GET /chunk-stream0-00172.m4s
[dash] D: GET /live.mpd
[dash] D: GET /live.mpd
[dash] D: GET /live.mpd
[dash] D: GET /chunk-stream1-00173.m4s
[dash] D: GET /chunk-stream0-00173.m4s
[mp4 @ 0x5b98bd4269c0] Application provided duration: -1 / timestamp: 7717887 is out of range for mov/mp4 format
[dash] D: GET /live.mpd
[dash] D: GET /live.mpd
[dash] D: GET /live.mpd
[dash] I: stats: req=833 mpd=485 seg=348 404=0 full=833 prog=0 hold=0 (0 ms avg) restart=0
[dash] D: GET /chunk-stream1-00174.m4s
[dash] D: GET /chunk-stream0-00174.m4s
[dash] D: GET /live.mpd
[dash] D: GET /live.mpd
[dash] D: GET /live.mpd
[dash] D: GET /chunk-stream1-00175.m4s
[dash] D: GET /chunk-stream0-00175.m4s
[mp4 @ 0x5b98bd4269c0] Application provided duration: -1 / timestamp: 7805951 is out of range for mov/mp4 format
[dash] D: GET /live.mpd
[dash] D: GET /live.mpd
[dash] D: GET /live.mpd
[dash] D: GET /chunk-stream1-00176.m4s
[dash] D: GET /chunk-stream0-00176.m4s
[dash] D: GET /live.mpd
[dash] D: GET /live.mpd
[dash] D: GET /live.mpd
[dash] D: GET /chunk-stream1-00177.m4s
[dash] D: GET /chunk-stream0-00177.m4s
[mp4 @ 0x5b98bd4269c0] Application provided duration: -1 / timestamp: 7894015 is out of range for mov/mp4 format
[dash] D: GET /live.mpd
[dash] D: GET /live.mpd
[dash] D: GET /live.mpd
[dash] D: GET /chunk-stream1-00178.m4s
[dash] D: GET /chunk-stream0-00178.m4s
[dash] D: GET /live.mpd
[dash] D: GET /live.mpd
[dash] D: GET /live.mpd
[dash] I: stats: req=858 mpd=500 seg=358 404=0 full=858 prog=0 hold=0 (0 ms avg) restart=0
[dash] D: GET /chunk-stream1-00179.m4s
[dash] D: GET /chunk-stream0-00179.m4s
[dash] D: GET /live.mpd
[dash] D: GET /live.mpd
[dash] D: GET /live.mpd
[dash] D: GET /chunk-stream1-00180.m4s
[dash] D: GET /chunk-stream0-00180.m4s
[dash] D: GET /live.mpd
[dash] D: GET /live.mpd
[dash] D: GET /live.mpd
[dash] D: GET /chunk-stream1-00181.m4s
[dash] D: GET /chunk-stream0-00181.m4s
[dash] D: GET /live.mpd
[dash] D: GET /live.mpd
[dash] D: GET /live.mpd
[dash] D: GET /chunk-stream1-00182.m4s
[dash] D: GET /chunk-stream0-00182.m4s
[dash] D: GET /live.mpd
[dash] D: GET /live.mpd
[dash] D: GET /live.mpd
[dash] D: GET /chunk-stream1-00183.m4s
[dash] D: GET /chunk-stream0-00183.m4s
[dash] D: GET /live.mpd
[dash] D: GET /live.mpd
[dash] D: GET /live.mpd
[dash] I: stats: req=883 mpd=515 seg=368 404=0 full=883 prog=0 hold=0 (0 ms avg) restart=0
[dash] D: GET /chunk-stream1-00184.m4s
[dash] D: GET /chunk-stream0-00184.m4s
[dash] D: GET /live.mpd
[dash] D: GET /live.mpd
[dash] D: GET /live.mpd
[dash] D: GET /chunk-stream1-00185.m4s
[dash] D: GET /chunk-stream0-00185.m4s
[dash] D: GET /live.mpd
[dash] D: GET /live.mpd
[dash] D: GET /live.mpd
[dash] D: GET /chunk-stream1-00186.m4s
[dash] D: GET /chunk-stream0-00186.m4s
[dash] D: GET /live.mpd
[dash] D: GET /live.mpd
[dash] D: GET /live.mpd
[dash] D: GET /chunk-stream1-00187.m4s
[dash] D: GET /chunk-stream0-00187.m4s
[mp4 @ 0x5b98bd4269c0] Application provided duration: -1 / timestamp: 8335359 is out of range for mov/mp4 format
[dash] D: GET /live.mpd
[dash] D: GET /live.mpd
[dash] D: GET /live.mpd
[dash] D: GET /chunk-stream1-00188.m4s
[dash] D: GET /chunk-stream0-00188.m4s
[dash] D: GET /live.mpd
[dash] D: GET /live.mpd
[dash] D: GET /live.mpd
[dash] D: GET /chunk-stream1-00189.m4s
[dash] D: GET /chunk-stream0-00189.m4s
[dash] I: stats: req=910 mpd=530 seg=380 404=0 full=910 prog=0 hold=0 (0 ms avg) restart=0
[dash] D: GET /live.mpd
[dash] D: GET /live.mpd
[dash] D: GET /live.mpd
[dash] D: GET /chunk-stream1-00190.m4s
[dash] D: GET /chunk-stream0-00190.m4s
[dash] D: GET /live.mpd
[dash] D: GET /live.mpd
[dash] D: GET /chunk-stream1-00191.m4s
[dash] D: GET /chunk-stream0-00191.m4s
[dash] D: GET /live.mpd
[dash] D: GET /live.mpd
[dash] D: GET /chunk-stream1-00192.m4s
[dash] D: GET /chunk-stream0-00192.m4s
[dash] D: GET /live.mpd
[dash] D: GET /live.mpd
[dash] D: GET /chunk-stream1-00193.m4s
[dash] D: GET /chunk-stream0-00193.m4s
[dash] D: GET /live.mpd
[dash] D: GET /live.mpd
[dash] D: GET /chunk-stream1-00194.m4s
[dash] D: GET /chunk-stream0-00194.m4s
[dash] I: stats: req=931 mpd=541 seg=390 404=0 full=931 prog=0 hold=0 (0 ms avg) restart=0
[dash] D: GET /live.mpd
[dash] D: GET /live.mpd
[dash] D: GET /live.mpd
[dash] D: GET /chunk-stream1-00195.m4s
[dash] D: GET /chunk-stream0-00195.m4s
[dash] D: GET /live.mpd
[dash] D: GET /live.mpd
[dash] D: GET /live.mpd
[dash] D: GET /chunk-stream1-00196.m4s
[dash] D: GET /chunk-stream0-00196.m4s
[dash] D: GET /live.mpd
[dash] D: GET /live.mpd
[dash] D: GET /live.mpd
[dash] D: GET /chunk-stream1-00197.m4s
[dash] D: GET /chunk-stream0-00197.m4s
[dash] D: GET /live.mpd
[dash] D: GET /live.mpd
[dash] D: GET /live.mpd
[dash] D: GET /chunk-stream1-00198.m4s
[dash] D: GET /chunk-stream0-00198.m4s
[dash] D: GET /live.mpd
[dash] D: GET /live.mpd
[dash] D: GET /live.mpd
[dash] D: GET /chunk-stream1-00199.m4s
[dash] D: GET /chunk-stream0-00199.m4s
[dash] I: stats: req=956 mpd=556 seg=400 404=0 full=956 prog=0 hold=0 (0 ms avg) restart=0
[dash] D: GET /live.mpd
[dash] D: GET /live.mpd
[dash] D: GET /live.mpd
[dash] D: GET /chunk-stream1-00200.m4s
[dash] D: GET /chunk-stream0-00200.m4s
[dash] D: GET /live.mpd
[dash] D: GET /live.mpd
[dash] D: GET /live.mpd
[dash] D: GET /chunk-stream1-00201.m4s
[dash] D: GET /chunk-stream0-00201.m4s
[dash] D: GET /live.mpd
[dash] D: GET /live.mpd
[dash] D: GET /chunk-stream1-00202.m4s
[dash] D: GET /chunk-stream0-00202.m4s
[dash] D: GET /live.mpd
[dash] D: GET /live.mpd
[dash] D: GET /chunk-stream1-00203.m4s
[dash] D: GET /chunk-stream0-00203.m4s
[dash] D: GET /live.mpd
[dash] D: GET /live.mpd
[dash] D: GET /chunk-stream1-00204.m4s
[dash] D: GET /chunk-stream0-00204.m4s
[dash] D: GET /live.mpd
[dash] I: stats: req=979 mpd=569 seg=410 404=0 full=979 prog=0 hold=0 (0 ms avg) restart=0
[dash] D: GET /live.mpd
[dash] D: GET /chunk-stream1-00205.m4s
[dash] D: GET /chunk-stream0-00205.m4s
[dash] D: GET /live.mpd
[dash] D: GET /live.mpd
[dash] D: GET /chunk-stream1-00206.m4s
[dash] D: GET /chunk-stream0-00206.m4s
[dash] D: GET /live.mpd
[dash] D: GET /live.mpd
[dash] D: GET /chunk-stream1-00207.m4s
[dash] D: GET /chunk-stream0-00207.m4s
[dash] D: GET /live.mpd
[dash] D: GET /live.mpd
[dash] D: GET /chunk-stream1-00208.m4s
[dash] D: GET /chunk-stream0-00208.m4s
[dash] D: GET /live.mpd
[dash] D: GET /live.mpd
[dash] D: GET /chunk-stream1-00209.m4s
[dash] D: GET /chunk-stream0-00209.m4s
[dash] D: GET /live.mpd
[dash] D: GET /live.mpd
[dash] I: stats: req=1000 mpd=580 seg=420 404=0 full=1000 prog=0 hold=0 (0 ms avg) restart=0
[dash] D: GET /chunk-stream1-00210.m4s
[dash] D: GET /chunk-stream0-00210.m4s
[dash] D: GET /live.mpd
[dash] D: GET /live.mpd
[dash] D: GET /chunk-stream1-00211.m4s
[dash] D: GET /chunk-stream0-00211.m4s
[dash] D: GET /live.mpd
[dash] D: GET /live.mpd
[dash] D: GET /chunk-stream1-00212.m4s
[dash] D: GET /chunk-stream0-00212.m4s
[dash] D: GET /live.mpd
[dash] D: GET /live.mpd
[dash] D: GET /chunk-stream1-00213.m4s
[dash] D: GET /chunk-stream0-00213.m4s
[dash] D: GET /live.mpd
[dash] D: GET /live.mpd
[dash] D: GET /chunk-stream1-00214.m4s
[dash] D: GET /chunk-stream0-00214.m4s
[dash] D: GET /live.mpd
[dash] D: GET /live.mpd
[dash] I: stats: req=1020 mpd=590 seg=430 404=0 full=1020 prog=0 hold=0 (0 ms avg) restart=0
[dash] D: GET /chunk-stream1-00215.m4s
[dash] D: GET /chunk-stream0-00215.m4s
[dash] D: GET /live.mpd
[dash] D: GET /live.mpd
[dash] D: GET /chunk-stream1-00216.m4s
[dash] D: GET /chunk-stream0-00216.m4s
[dash] D: GET /live.mpd
[dash] D: GET /live.mpd
[dash] D: GET /chunk-stream1-00217.m4s
[dash] D: GET /chunk-stream0-00217.m4s
[dash] D: GET /live.mpd
[dash] D: GET /live.mpd
[dash] D: GET /chunk-stream1-00218.m4s
[dash] D: GET /chunk-stream0-00218.m4s
[dash] D: GET /live.mpd
[dash] D: GET /live.mpd
[dash] D: GET /chunk-stream1-00219.m4s
[dash] D: GET /chunk-stream0-00219.m4s
[dash] D: GET /live.mpd
[dash] D: GET /live.mpd
[dash] D: GET /chunk-stream1-00220.m4s
[dash] I: stats: req=1041 mpd=600 seg=441 404=0 full=1041 prog=0 hold=0 (0 ms avg) restart=0
[dash] D: GET /chunk-stream0-00220.m4s
[dash] D: GET /live.mpd
[dash] D: GET /live.mpd
[dash] D: GET /chunk-stream1-00221.m4s
[dash] D: GET /chunk-stream0-00221.m4s
[dash] D: GET /live.mpd
[dash] D: GET /live.mpd
[dash] D: GET /chunk-stream1-00222.m4s
[dash] D: GET /chunk-stream0-00222.m4s
[dash] D: GET /live.mpd
[dash] D: GET /live.mpd
[dash] D: GET /chunk-stream1-00223.m4s
[dash] D: GET /chunk-stream0-00223.m4s
[dash] D: GET /live.mpd
[dash] D: GET /live.mpd
[dash] D: GET /chunk-stream1-00224.m4s
[dash] D: GET /chunk-stream0-00224.m4s
[dash] D: GET /live.mpd
[dash] D: GET /live.mpd
[dash] D: GET /live.mpd
[dash] I: stats: req=1061 mpd=611 seg=450 404=0 full=1061 prog=0 hold=0 (0 ms avg) restart=0
[dash] D: GET /chunk-stream1-00225.m4s
[dash] D: GET /chunk-stream0-00225.m4s
[dash] D: GET /live.mpd
[dash] D: GET /live.mpd
[dash] D: GET /live.mpd
[dash] D: GET /chunk-stream1-00226.m4s
[dash] D: GET /chunk-stream0-00226.m4s
[dash] D: GET /live.mpd
[dash] D: GET /live.mpd
[dash] D: GET /chunk-stream1-00227.m4s
[dash] D: GET /chunk-stream0-00227.m4s
[dash] D: GET /live.mpd
[dash] D: GET /live.mpd
[dash] D: GET /live.mpd
[dash] D: GET /chunk-stream1-00228.m4s
[dash] D: GET /chunk-stream0-00228.m4s
[dash] D: GET /live.mpd
[dash] D: GET /live.mpd
[dash] D: GET /live.mpd
[dash] D: GET /chunk-stream1-00229.m4s
[dash] D: GET /chunk-stream0-00229.m4s
[dash] D: GET /live.mpd
[dash] D: GET /live.mpd
[dash] D: GET /live.mpd
[dash] D: GET /chunk-stream1-00230.m4s
[dash] D: GET /chunk-stream0-00230.m4s
[dash] I: stats: req=1087 mpd=625 seg=462 404=0 full=1087 prog=0 hold=0 (0 ms avg) restart=0
[dash] D: GET /live.mpd
[dash] D: GET /live.mpd
[dash] D: GET /live.mpd
[dash] D: GET /chunk-stream1-00231.m4s
[dash] D: GET /chunk-stream0-00231.m4s
[dash] D: GET /live.mpd
[dash] D: GET /live.mpd
[dash] D: GET /chunk-stream1-00232.m4s
[dash] D: GET /chunk-stream0-00232.m4s
[dash] D: GET /live.mpd
[dash] D: GET /live.mpd
[dash] D: GET /chunk-stream1-00233.m4s
[dash] D: GET /chunk-stream0-00233.m4s
[dash] D: GET /live.mpd
[dash] D: GET /live.mpd
[dash] D: GET /live.mpd
[dash] D: GET /chunk-stream1-00234.m4s
[dash] D: GET /chunk-stream0-00234.m4s
[dash] D: GET /live.mpd
[dash] D: GET /live.mpd
[dash] D: GET /chunk-stream1-00235.m4s
