[dash] I: encoder: /home/deepak7121/REMOTEAPPS/thin-client/4K/swiftrade_av_21min.mp4 (1280x720 @60 fps) -> DASH live
[dash] I: manifest live.mpd: availabilityStartTime=yes frameRate=yes SegmentTemplate=yes SegmentTimeline=yes
[dash] I: serving MPD at http://0.0.0.0:8080/live.mpd (/tmp/vmc_dash_out/65420)
[dash] D: GET /live.mpd
[dash] I: stats: req=1 mpd=1 seg=0 404=0 full=1 prog=0 hold=0 (0 ms avg) restart=0
[dash] D: GET /live.mpd
[dash] D: GET /live.mpd
[dash] D: GET /live.mpd
[dash] D: GET /live.mpd
[dash] D: GET /init-stream0.m4s
[dash] D: GET /init-stream1.m4s
[dash] D: GET /live.mpd
[dash] D: GET /chunk-stream1-00001.m4s
[dash] D: GET /chunk-stream0-00001.m4s
[dash] D: GET /live.mpd
[dash] D: GET /chunk-stream1-00002.m4s
[dash] D: GET /chunk-stream0-00002.m4s
[dash] D: GET /live.mpd
[dash] D: GET /chunk-stream1-00003.m4s
[dash] D: GET /chunk-stream0-00003.m4s
[dash] I: stats: req=16 mpd=8 seg=8 404=0 full=16 prog=0 hold=0 (0 ms avg) restart=0
[dash] D: GET /live.mpd
[dash] D: GET /chunk-stream1-00004.m4s
[dash] D: GET /chunk-stream0-00004.m4s
[dash] D: GET /live.mpd
[dash] D: GET /chunk-stream1-00005.m4s
[dash] D: GET /chunk-stream1-00006.m4s
[dash] D: GET /chunk-stream0-00005.m4s
[mp4 @ 0x56a360f333c0] Application provided duration: -1 / timestamp: 449535 is out of range for mov/mp4 format
[dash] I: stats: req=23 mpd=10 seg=13 404=0 full=23 prog=0 hold=0 (0 ms avg) restart=0
[dash] D: GET /chunk-stream0-00006.m4s
[dash] D: GET /live.mpd
[dash] D: GET /chunk-stream1-00007.m4s
[dash] D: GET /chunk-stream1-00008.m4s
[dash] D: GET /chunk-stream1-00009.m4s
[dash] D: GET /chunk-stream1-00010.m4s
[dash] D: GET /chunk-stream0-00007.m4s
[dash] D: GET /live.mpd
[mp4 @ 0x56a360f333c0] Application provided duration: -1 / timestamp: 719871 is out of range for mov/mp4 format
[dash] D: GET /chunk-stream0-00008.m4s
[dash] I: stats: req=32 mpd=12 seg=20 404=0 full=32 prog=0 hold=0 (0 ms avg) restart=0
[mp4 @ 0x56a360f333c0] Application provided duration: -1 / timestamp: 764927 is out of range for mov/mp4 format
[dash] D: GET /live.mpd
[dash] D: GET /chunk-stream0-00009.m4s
[dash] D: GET /chunk-stream0-00010.m4s
[dash] I: stats: req=35 mpd=13 seg=22 404=0 full=35 prog=0 hold=0 (0 ms avg) restart=0
[dash] D: GET /live.mpd
[dash] D: GET /live.mpd
[dash] D: GET /chunk-stream1-00011.m4s
[dash] D: GET /chunk-stream1-00012.m4s
[dash] D: GET /chunk-stream1-00013.m4s
[dash] D: GET /chunk-stream1-00014.m4s
[dash] D: GET /chunk-stream1-00015.m4s
[dash] D: GET /chunk-stream1-00016.m4s
[dash] D: GET /chunk-stream1-00017.m4s
[dash] D: GET /chunk-stream1-00018.m4s
[dash] D: GET /chunk-stream0-00011.m4s
[dash] D: GET /live.mpd
[dash] D: GET /chunk-stream0-00012.m4s
[dash] I: stats: req=48 mpd=16 seg=32 404=0 full=48 prog=0 hold=0 (0 ms avg) restart=0
[dash] D: GET /chunk-stream0-00013.m4s
[dash] D: GET /chunk-stream0-00014.m4s
[dash] I: stats: req=50 mpd=16 seg=34 404=0 full=50 prog=0 hold=0 (0 ms avg) restart=0
[dash] D: GET /chunk-stream0-00015.m4s
[dash] D: GET /chunk-stream0-00016.m4s
[dash] I: stats: req=52 mpd=16 seg=36 404=0 full=52 prog=0 hold=0 (0 ms avg) restart=0
[dash] D: GET /chunk-stream0-00017.m4s
[dash] D: GET /chunk-stream0-00018.m4s
[dash] I: stats: req=54 mpd=16 seg=38 404=0 full=54 prog=0 hold=0 (0 ms avg) restart=0
[dash] D: GET /live.mpd
[dash] D: GET /chunk-stream1-00019.m4s
[dash] D: GET /chunk-stream1-00020.m4s
[dash] D: GET /chunk-stream1-00021.m4s
[dash] D: GET /chunk-stream1-00022.m4s
[dash] D: GET /chunk-stream1-00023.m4s
[dash] D: GET /chunk-stream1-00024.m4s
[dash] D: GET /chunk-stream1-00025.m4s
[dash] D: GET /chunk-stream1-00026.m4s
[dash] D: GET /chunk-stream1-00027.m4s
[dash] D: GET /chunk-stream1-00028.m4s
[dash] D: GET /chunk-stream1-00029.m4s
[dash] D: GET /chunk-stream1-00030.m4s
[dash] D: GET /chunk-stream1-00031.m4s
[dash] D: GET /chunk-stream1-00032.m4s
[dash] D: GET /chunk-stream1-00033.m4s
[dash] D: GET /chunk-stream1-00034.m4s
[dash] D: GET /chunk-stream0-00019.m4s
[dash] D: GET /chunk-stream0-00020.m4s
[mp4 @ 0x56a360f333c0] Application provided duration: -1 / timestamp: 2071551 is out of range for mov/mp4 format
[dash] D: GET /chunk-stream0-00021.m4s
[dash] I: stats: req=74 mpd=17 seg=57 404=0 full=74 prog=0 hold=0 (0 ms avg) restart=0
[dash] D: GET /chunk-stream0-00022.m4s
[dash] D: GET /chunk-stream0-00023.m4s
[dash] I: stats: req=76 mpd=17 seg=59 404=0 full=76 prog=0 hold=0 (0 ms avg) restart=0
[dash] D: GET /chunk-stream0-00024.m4s
[dash] D: GET /chunk-stream0-00025.m4s
[dash] I: stats: req=78 mpd=17 seg=61 404=0 full=78 prog=0 hold=0 (0 ms avg) restart=0
[dash] D: GET /chunk-stream0-00026.m4s
[dash] D: GET /chunk-stream0-00027.m4s
[dash] I: stats: req=80 mpd=17 seg=63 404=0 full=80 prog=0 hold=0 (0 ms avg) restart=0
[dash] D: GET /chunk-stream0-00028.m4s
[dash] D: GET /chunk-stream0-00029.m4s
[dash] D: GET /chunk-stream0-00030.m4s
[dash] I: stats: req=83 mpd=17 seg=66 404=0 full=83 prog=0 hold=0 (0 ms avg) restart=0
[dash] D: GET /chunk-stream0-00031.m4s
[dash] D: GET /chunk-stream0-00032.m4s
[dash] I: stats: req=85 mpd=17 seg=68 404=0 full=85 prog=0 hold=0 (0 ms avg) restart=0
[dash] D: GET /chunk-stream0-00033.m4s
[dash] D: GET /chunk-stream0-00034.m4s
[dash] I: stats: req=87 mpd=17 seg=70 404=0 full=87 prog=0 hold=0 (0 ms avg) restart=0
[dash] D: GET /live.mpd
[dash] D: GET /chunk-stream1-00035.m4s
[dash] D: GET /chunk-stream1-00036.m4s
[dash] D: GET /chunk-stream1-00037.m4s
[dash] D: GET /chunk-stream1-00038.m4s
[dash] D: GET /chunk-stream1-00039.m4s
[dash] D: GET /chunk-stream1-00040.m4s
[dash] D: GET /chunk-stream1-00041.m4s
[dash] D: GET /chunk-stream1-00042.m4s
[dash] D: GET /chunk-stream1-00043.m4s
[dash] D: GET /chunk-stream1-00044.m4s
[dash] D: GET /chunk-stream1-00045.m4s
[dash] D: GET /chunk-stream1-00046.m4s
[dash] D: GET /chunk-stream1-00047.m4s
[dash] D: GET /chunk-stream1-00048.m4s
[dash] D: GET /chunk-stream1-00049.m4s
[dash] D: GET /chunk-stream1-00050.m4s
[dash] D: GET /chunk-stream1-00051.m4s
[dash] D: GET /chunk-stream1-00052.m4s
[dash] D: GET /chunk-stream1-00053.m4s
[dash] D: GET /chunk-stream1-00054.m4s
[dash] D: GET /chunk-stream1-00055.m4s
[dash] D: GET /chunk-stream1-00056.m4s
[dash] D: GET /chunk-stream1-00057.m4s
[dash] D: GET /chunk-stream1-00058.m4s
[dash] D: GET /chunk-stream1-00059.m4s
[dash] D: GET /chunk-stream1-00060.m4s
[dash] D: GET /chunk-stream1-00061.m4s
[dash] D: GET /chunk-stream1-00062.m4s
[dash] D: GET /chunk-stream1-00063.m4s
[dash] D: GET /chunk-stream1-00064.m4s
[dash] D: GET /chunk-stream1-00065.m4s
[dash] D: GET /chunk-stream1-00066.m4s
[dash] D: GET /chunk-stream1-00067.m4s
[dash] D: GET /chunk-stream0-00035.m4s
[dash] D: GET /chunk-stream0-00036.m4s
[dash] I: stats: req=123 mpd=18 seg=105 404=0 full=123 prog=0 hold=0 (0 ms avg) restart=0
[dash] D: GET /chunk-stream0-00037.m4s
[mp4 @ 0x56a360f333c0] Application provided duration: -1 / timestamp: 3918847 is out of range for mov/mp4 format
[dash] D: GET /chunk-stream0-00038.m4s
[mp4 @ 0x56a360f333c0] Application provided duration: -1 / timestamp: 3963903 is out of range for mov/mp4 format
[mp4 @ 0x56a360f333c0] Application provided duration: -1 / timestamp: 4008959 is out of range for mov/mp4 format
[dash] I: stats: req=125 mpd=18 seg=107 404=0 full=125 prog=0 hold=0 (0 ms avg) restart=0
[dash] D: GET /chunk-stream0-00039.m4s
[mp4 @ 0x56a360f333c0] Application provided duration: -1 / timestamp: 4054015 is out of range for mov/mp4 format
[dash] D: GET /chunk-stream0-00040.m4s
[dash] D: GET /chunk-stream0-00041.m4s
[dash] I: stats: req=128 mpd=18 seg=110 404=0 full=128 prog=0 hold=0 (0 ms avg) restart=0
[dash] D: GET /chunk-stream0-00042.m4s
[dash] D: GET /chunk-stream0-00043.m4s
[dash] I: stats: req=130 mpd=18 seg=112 404=0 full=130 prog=0 hold=0 (0 ms avg) restart=0
[dash] D: GET /chunk-stream0-00044.m4s
[dash] D: GET /chunk-stream0-00045.m4s
[dash] I: stats: req=132 mpd=18 seg=114 404=0 full=132 prog=0 hold=0 (0 ms avg) restart=0
[dash] D: GET /chunk-stream0-00046.m4s
[dash] D: GET /chunk-stream0-00047.m4s
[dash] I: stats: req=134 mpd=18 seg=116 404=0 full=134 prog=0 hold=0 (0 ms avg) restart=0
[dash] D: GET /chunk-stream0-00048.m4s
[dash] D: GET /chunk-stream0-00049.m4s
[dash] I: stats: req=136 mpd=18 seg=118 404=0 full=136 prog=0 hold=0 (0 ms avg) restart=0
[dash] D: GET /chunk-stream0-00050.m4s
[dash] D: GET /chunk-stream0-00051.m4s
[dash] D: GET /chunk-stream0-00052.m4s
[dash] I: stats: req=139 mpd=18 seg=121 404=0 full=139 prog=0 hold=0 (0 ms avg) restart=0
[dash] D: GET /chunk-stream0-00053.m4s
[dash] D: GET /chunk-stream0-00054.m4s
[dash] I: stats: req=141 mpd=18 seg=123 404=0 full=141 prog=0 hold=0 (0 ms avg) restart=0
[dash] D: GET /chunk-stream0-00055.m4s
[dash] D: GET /chunk-stream0-00056.m4s
[dash] I: stats: req=143 mpd=18 seg=125 404=0 full=143 prog=0 hold=0 (0 ms avg) restart=0
[dash] D: GET /chunk-stream0-00057.m4s
[dash] D: GET /chunk-stream0-00058.m4s
[mp4 @ 0x56a360f333c0] Application provided duration: -1 / timestamp: 6126591 is out of range for mov/mp4 format
[dash] I: stats: req=145 mpd=18 seg=127 404=0 full=145 prog=0 hold=0 (0 ms avg) restart=0
[mp4 @ 0x56a360f333c0] Application provided duration: -1 / timestamp: 6171647 is out of range for mov/mp4 format
[dash] D: GET /chunk-stream0-00059.m4s
[mp4 @ 0x56a360f333c0] Application provided duration: -1 / timestamp: 6216703 is out of range for mov/mp4 format
[mp4 @ 0x56a360f333c0] Application provided duration: -1 / timestamp: 6261759 is out of range for mov/mp4 format
[dash] D: GET /chunk-stream0-00060.m4s
[mp4 @ 0x56a360f333c0] Application provided duration: -1 / timestamp: 6306815 is out of range for mov/mp4 format
[mp4 @ 0x56a360f333c0] Application provided duration: -1 / timestamp: 6351871 is out of range for mov/mp4 format
[dash] I: stats: req=147 mpd=18 seg=129 404=0 full=147 prog=0 hold=0 (0 ms avg) restart=0
[dash] D: GET /chunk-stream0-00061.m4s
[mp4 @ 0x56a360f333c0] Application provided duration: -1 / timestamp: 6396927 is out of range for mov/mp4 format
[mp4 @ 0x56a360f333c0] Application provided duration: -1 / timestamp: 6441983 is out of range for mov/mp4 format
[mp4 @ 0x56a360f333c0] Application provided duration: -1 / timestamp: 6487039 is out of range for mov/mp4 format
[dash] D: GET /chunk-stream0-00062.m4s
[mp4 @ 0x56a360f333c0] Application provided duration: -1 / timestamp: 6532095 is out of range for mov/mp4 format
[mp4 @ 0x56a360f333c0] Application provided duration: -1 / timestamp: 6577151 is out of range for mov/mp4 format
[dash] D: GET /chunk-stream0-00063.m4s
[dash] I: stats: req=150 mpd=18 seg=132 404=0 full=150 prog=0 hold=0 (0 ms avg) restart=0
[mp4 @ 0x56a360f333c0] Application provided duration: -1 / timestamp: 6622207 is out of range for mov/mp4 format
[mp4 @ 0x56a360f333c0] Application provided duration: -1 / timestamp: 6667263 is out of range for mov/mp4 format
[dash] D: GET /chunk-stream0-00064.m4s
[mp4 @ 0x56a360f333c0] Application provided duration: -1 / timestamp: 6712319 is out of range for mov/mp4 format
[mp4 @ 0x56a360f333c0] Application provided duration: -1 / timestamp: 6757375 is out of range for mov/mp4 format
[mp4 @ 0x56a360f333c0] Application provided duration: -1 / timestamp: 6802431 is out of range for mov/mp4 format
[dash] D: GET /chunk-stream0-00065.m4s
[dash] I: stats: req=152 mpd=18 seg=134 404=0 full=152 prog=0 hold=0 (0 ms avg) restart=0
[mp4 @ 0x56a360f333c0] Application provided duration: -1 / timestamp: 6847487 is out of range for mov/mp4 format
[dash] D: GET /chunk-stream0-00066.m4s
[dash] D: GET /chunk-stream0-00067.m4s
[dash] I: stats: req=154 mpd=18 seg=136 404=0 full=154 prog=0 hold=0 (0 ms avg) restart=0
[dash] D: GET /live.mpd
[dash] D: GET /chunk-stream1-00068.m4s
[dash] D: GET /chunk-stream1-00069.m4s
[dash] D: GET /chunk-stream1-00070.m4s
[dash] D: GET /chunk-stream1-00071.m4s
[dash] D: GET /chunk-stream1-00072.m4s
[dash] D: GET /chunk-stream1-00073.m4s
[dash] D: GET /chunk-stream1-00074.m4s
[dash] D: GET /chunk-stream1-00075.m4s
[dash] D: GET /chunk-stream1-00076.m4s
[dash] D: GET /chunk-stream1-00077.m4s
[dash] D: GET /chunk-stream1-00078.m4s
[dash] D: GET /chunk-stream1-00079.m4s
[dash] D: GET /chunk-stream1-00080.m4s
[dash] D: GET /chunk-stream1-00081.m4s
[dash] D: GET /chunk-stream1-00082.m4s
[dash] D: GET /chunk-stream1-00083.m4s
[dash] D: GET /chunk-stream1-00084.m4s
[dash] D: GET /chunk-stream1-00085.m4s
[dash] D: GET /chunk-stream1-00086.m4s
[dash] D: GET /chunk-stream1-00087.m4s
[dash] D: GET /chunk-stream1-00088.m4s
[dash] D: GET /chunk-stream1-00089.m4s
[dash] D: GET /chunk-stream1-00090.m4s
[dash] D: GET /chunk-stream1-00091.m4s
[dash] D: GET /chunk-stream1-00092.m4s
[dash] D: GET /chunk-stream1-00093.m4s
[dash] D: GET /chunk-stream1-00094.m4s
[dash] D: GET /chunk-stream1-00095.m4s
[dash] D: GET /chunk-stream1-00096.m4s
[dash] D: GET /chunk-stream1-00097.m4s
[dash] D: GET /chunk-stream1-00098.m4s
[dash] D: GET /chunk-stream1-00099.m4s
[dash] D: GET /chunk-stream1-00100.m4s
[dash] D: GET /chunk-stream1-00101.m4s
[dash] D: GET /chunk-stream1-00102.m4s
[dash] D: GET /chunk-stream1-00103.m4s
[dash] D: GET /chunk-stream1-00104.m4s
[dash] D: GET /chunk-stream1-00105.m4s
[dash] D: GET /chunk-stream1-00106.m4s
[dash] D: GET /chunk-stream1-00107.m4s
[dash] D: GET /chunk-stream1-00108.m4s
[dash] D: GET /chunk-stream1-00109.m4s
[dash] D: GET /chunk-stream1-00110.m4s
[dash] D: GET /chunk-stream1-00111.m4s
[dash] D: GET /chunk-stream1-00112.m4s
[dash] D: GET /chunk-stream1-00113.m4s
[dash] D: GET /chunk-stream1-00114.m4s
[dash] D: GET /chunk-stream1-00115.m4s
[dash] D: GET /chunk-stream1-00116.m4s
[dash] D: GET /chunk-stream1-00117.m4s
[dash] D: GET /chunk-stream1-00118.m4s
[dash] D: GET /chunk-stream1-00119.m4s
[dash] D: GET /chunk-stream1-00120.m4s
[dash] D: GET /chunk-stream1-00121.m4s
[dash] D: GET /chunk-stream1-00122.m4s
[dash] D: GET /chunk-stream1-00123.m4s
[dash] D: GET /chunk-stream1-00124.m4s
[dash] D: GET /chunk-stream1-00125.m4s
[dash] D: GET /chunk-stream1-00126.m4s
[dash] D: GET /chunk-stream1-00127.m4s
[dash] D: GET /chunk-stream1-00128.m4s
[dash] D: GET /chunk-stream1-00129.m4s
[dash] D: GET /chunk-stream1-00130.m4s
[dash] D: GET /chunk-stream1-00131.m4s
[dash] D: GET /chunk-stream1-00132.m4s
[dash] D: GET /chunk-stream1-00133.m4s
[dash] D: GET /chunk-stream0-00068.m4s
[dash] D: GET /chunk-stream0-00069.m4s
[dash] I: stats: req=223 mpd=19 seg=204 404=0 full=223 prog=0 hold=0 (0 ms avg) restart=0
[dash] D: GET /chunk-stream0-00070.m4s
[dash] D: GET /chunk-stream0-00071.m4s
[dash] I: stats: req=225 mpd=19 seg=206 404=0 full=225 prog=0 hold=0 (0 ms avg) restart=0
[dash] D: GET /chunk-stream0-00072.m4s
[dash] D: GET /chunk-stream0-00073.m4s
[dash] D: GET /chunk-stream0-00074.m4s
[dash] I: stats: req=228 mpd=19 seg=209 404=0 full=228 prog=0 hold=0 (0 ms avg) restart=0
[dash] D: GET /chunk-stream0-00075.m4s
[dash] D: GET /chunk-stream0-00076.m4s
[dash] I: stats: req=230 mpd=19 seg=211 404=0 full=230 prog=0 hold=0 (0 ms avg) restart=0
[dash] D: GET /chunk-stream0-00077.m4s
[dash] D: GET /chunk-stream0-00078.m4s
[dash] I: stats: req=232 mpd=19 seg=213 404=0 full=232 prog=0 hold=0 (0 ms avg) restart=0
[dash] D: GET /chunk-stream0-00079.m4s
[dash] D: GET /chunk-stream0-00080.m4s
[dash] I: stats: req=234 mpd=19 seg=215 404=0 full=234 prog=0 hold=0 (0 ms avg) restart=0
[dash] D: GET /chunk-stream0-00081.m4s
[dash] D: GET /chunk-stream0-00082.m4s
[dash] I: stats: req=236 mpd=19 seg=217 404=0 full=236 prog=0 hold=0 (0 ms avg) restart=0
[dash] D: GET /chunk-stream0-00083.m4s
[dash] D: GET /chunk-stream0-00084.m4s
[dash] D: GET /chunk-stream0-00085.m4s
[dash] I: stats: req=239 mpd=19 seg=220 404=0 full=239 prog=0 hold=0 (0 ms avg) restart=0
[dash] D: GET /chunk-stream0-00086.m4s
[dash] D: GET /chunk-stream0-00087.m4s
[dash] I: stats: req=241 mpd=19 seg=222 404=0 full=241 prog=0 hold=0 (0 ms avg) restart=0
[dash] D: GET /chunk-stream0-00088.m4s
[dash] D: GET /chunk-stream0-00089.m4s
[dash] I: stats: req=243 mpd=19 seg=224 404=0 full=243 prog=0 hold=0 (0 ms avg) restart=0
[dash] D: GET /chunk-stream0-00090.m4s
[dash] D: GET /chunk-stream0-00091.m4s
[dash] I: stats: req=245 mpd=19 seg=226 404=0 full=245 prog=0 hold=0 (0 ms avg) restart=0
[dash] D: GET /chunk-stream0-00092.m4s
[dash] D: GET /chunk-stream0-00093.m4s
[dash] I: stats: req=247 mpd=19 seg=228 404=0 full=247 prog=0 hold=0 (0 ms avg) restart=0
[dash] D: GET /chunk-stream0-00094.m4s
[dash] D: GET /chunk-stream0-00095.m4s
[dash] D: GET /chunk-stream0-00096.m4s
[dash] I: stats: req=250 mpd=19 seg=231 404=0 full=250 prog=0 hold=0 (0 ms avg) restart=0
[dash] D: GET /chunk-stream0-00097.m4s
